2021-05-05 13:27:44,809 INFO werkzeug MainThread :  * Running on http://127.0.0.1:5000/ (Press CTRL+C to quit)
2021-05-05 13:27:50,975 INFO root Thread-1 : Entering ReservationRestService.handle_get()
2021-05-05 13:27:50,976 INFO root Thread-1 : Entering ReservationBusinessService.retrieve_all()
2021-05-05 13:27:50,976 INFO root Thread-1 : Entering ReservationDao.read_all()
2021-05-05 13:27:51,025 INFO root Thread-1 : Exiting ReservationDao.read_all() with OK
2021-05-05 13:27:51,025 INFO root Thread-1 : Exiting ReservationBusinessService.retrieve_all() with OK
2021-05-05 13:27:51,026 INFO root Thread-1 : Exiting ReservationRestService.handle_get() with OK
2021-05-05 13:27:51,027 INFO werkzeug Thread-1 : 127.0.0.1 - - [05/May/2021 13:27:51] "[37mGET /bookings HTTP/1.1[0m" 200 -
2021-05-05 13:27:56,360 INFO root Thread-2 : Entering ReservationRestService.handle_reserve()
2021-05-05 13:27:56,360 INFO root Thread-2 : Entering ReservationBusinessService.reserve()
2021-05-05 13:27:56,360 INFO root Thread-2 : Entering ReservationDao.create()
2021-05-05 13:27:56,360 WARNING root Thread-2 : Exiting ReservationDao.create() with None
2021-05-05 13:27:56,416 INFO root Thread-2 : Exiting ReservationBusinessService.reserve() with OK
2021-05-05 13:27:56,418 INFO root Thread-2 : Exiting ReservationRestService.handle_reserve() with OK
2021-05-05 13:27:56,420 INFO werkzeug Thread-2 : 127.0.0.1 - - [05/May/2021 13:27:56] "[37mPOST /bookings/reserve HTTP/1.1[0m" 200 -
2021-05-05 13:28:01,923 INFO root Thread-3 : Entering ReservationRestService.handle_get()
2021-05-05 13:28:01,924 INFO root Thread-3 : Entering ReservationBusinessService.retrieve_all()
2021-05-05 13:28:01,925 INFO root Thread-3 : Entering ReservationDao.read_all()
2021-05-05 13:28:01,931 INFO root Thread-3 : Exiting ReservationDao.read_all() with OK
2021-05-05 13:28:01,932 INFO root Thread-3 : Exiting ReservationBusinessService.retrieve_all() with OK
2021-05-05 13:28:01,933 INFO root Thread-3 : Exiting ReservationRestService.handle_get() with OK
2021-05-05 13:28:01,936 INFO werkzeug Thread-3 : 127.0.0.1 - - [05/May/2021 13:28:01] "[37mGET /bookings HTTP/1.1[0m" 200 -
2021-05-05 13:28:18,183 INFO root Thread-4 : Entering ReservationRestService.handle_edit()
2021-05-05 13:28:18,183 INFO root Thread-4 : Entering ReservationBusinessService.edit()
2021-05-05 13:28:18,183 INFO root Thread-4 : Entering ReservationDao.update()
2021-05-05 13:28:18,188 WARNING root Thread-4 : Exiting ReservationDao.update() with None
2021-05-05 13:28:18,189 WARNING root Thread-4 : Exiting ReservationBusinessService.edit() with None
2021-05-05 13:28:18,189 WARNING root Thread-4 : Exiting ReservationRestService.handle_edit() with status code 404
2021-05-05 13:28:18,190 INFO werkzeug Thread-4 : 127.0.0.1 - - [05/May/2021 13:28:18] "[37mPUT /bookings/edit HTTP/1.1[0m" 200 -
2021-05-05 13:28:23,659 INFO root Thread-5 : Entering ReservationRestService.handle_get()
2021-05-05 13:28:23,660 INFO root Thread-5 : Entering ReservationBusinessService.retrieve_all()
2021-05-05 13:28:23,660 INFO root Thread-5 : Entering ReservationDao.read_all()
2021-05-05 13:28:23,663 INFO root Thread-5 : Exiting ReservationDao.read_all() with OK
2021-05-05 13:28:23,663 INFO root Thread-5 : Exiting ReservationBusinessService.retrieve_all() with OK
2021-05-05 13:28:23,664 INFO root Thread-5 : Exiting ReservationRestService.handle_get() with OK
2021-05-05 13:28:23,665 INFO werkzeug Thread-5 : 127.0.0.1 - - [05/May/2021 13:28:23] "[37mGET /bookings HTTP/1.1[0m" 200 -
2021-05-05 13:28:38,803 INFO root Thread-6 : Entering ReservationRestService.handle_edit()
2021-05-05 13:28:38,803 INFO root Thread-6 : Entering ReservationBusinessService.edit()
2021-05-05 13:28:38,803 INFO root Thread-6 : Entering ReservationDao.update()
2021-05-05 13:28:38,805 INFO root Thread-6 : Exiting ReservationDao.update() with OK
2021-05-05 13:28:38,844 INFO root Thread-6 : Exiting ReservationBusinessService.edit() with OK
2021-05-05 13:28:38,844 INFO root Thread-6 : Exiting ReservationRestService.handle_edit() with OK
2021-05-05 13:28:38,845 INFO werkzeug Thread-6 : 127.0.0.1 - - [05/May/2021 13:28:38] "[37mPUT /bookings/edit HTTP/1.1[0m" 200 -
2021-05-05 13:28:42,474 INFO root Thread-7 : Entering ReservationRestService.handle_get()
2021-05-05 13:28:42,475 INFO root Thread-7 : Entering ReservationBusinessService.retrieve_all()
2021-05-05 13:28:42,475 INFO root Thread-7 : Entering ReservationDao.read_all()
2021-05-05 13:28:42,478 INFO root Thread-7 : Exiting ReservationDao.read_all() with OK
2021-05-05 13:28:42,478 INFO root Thread-7 : Exiting ReservationBusinessService.retrieve_all() with OK
2021-05-05 13:28:42,479 INFO root Thread-7 : Exiting ReservationRestService.handle_get() with OK
2021-05-05 13:28:42,480 INFO werkzeug Thread-7 : 127.0.0.1 - - [05/May/2021 13:28:42] "[37mGET /bookings HTTP/1.1[0m" 200 -
2021-05-05 13:28:56,653 INFO root Thread-8 : Entering ReservationRestService.handle_reserve()
2021-05-05 13:28:56,653 WARNING root Thread-8 : Exiting ReservationRestService.handle_reserve() with status code 400
2021-05-05 13:28:56,654 INFO werkzeug Thread-8 : 127.0.0.1 - - [05/May/2021 13:28:56] "[37mPOST /bookings/reserve HTTP/1.1[0m" 200 -
2021-05-05 13:29:16,437 INFO root Thread-9 : Entering ReservationRestService.handle_reserve()
2021-05-05 13:29:16,438 WARNING root Thread-9 : Exiting ReservationRestService.handle_reserve() with status code 400
2021-05-05 13:29:16,438 INFO werkzeug Thread-9 : 127.0.0.1 - - [05/May/2021 13:29:16] "[37mPOST /bookings/reserve HTTP/1.1[0m" 200 -
2021-05-05 13:29:27,304 INFO root Thread-10 : Entering ReservationRestService.handle_get()
2021-05-05 13:29:27,304 INFO root Thread-10 : Entering ReservationBusinessService.retrieve_all()
2021-05-05 13:29:27,304 INFO root Thread-10 : Entering ReservationDao.read_all()
2021-05-05 13:29:27,307 INFO root Thread-10 : Exiting ReservationDao.read_all() with OK
2021-05-05 13:29:27,307 INFO root Thread-10 : Exiting ReservationBusinessService.retrieve_all() with OK
2021-05-05 13:29:27,307 INFO root Thread-10 : Exiting ReservationRestService.handle_get() with OK
2021-05-05 13:29:27,308 INFO werkzeug Thread-10 : 127.0.0.1 - - [05/May/2021 13:29:27] "[37mGET /bookings HTTP/1.1[0m" 200 -
2021-05-05 13:29:34,806 INFO root Thread-11 : Entering ReservationRestService.handle_cancel()
2021-05-05 13:29:34,807 INFO root Thread-11 : Entering ReservationBusinessService.cancel()
2021-05-05 13:29:34,807 INFO root Thread-11 : Entering ReservationDao.delete()
2021-05-05 13:29:34,812 WARNING root Thread-11 : Exiting ReservationDao.delete() with DaoResponse.MISSING
2021-05-05 13:29:34,813 WARNING root Thread-11 : Exiting ReservationBusinessService.cancel() with BusinessResponse.NOT_FOUND
2021-05-05 13:29:34,814 WARNING root Thread-11 : Exiting ReservationRestService.handle_cancel() with status code 404
2021-05-05 13:29:34,815 INFO werkzeug Thread-11 : 127.0.0.1 - - [05/May/2021 13:29:34] "[37mDELETE /bookings/cancel?id=254 HTTP/1.1[0m" 200 -
2021-05-05 13:29:39,173 INFO root Thread-12 : Entering ReservationRestService.handle_cancel()
2021-05-05 13:29:39,173 INFO root Thread-12 : Entering ReservationBusinessService.cancel()
2021-05-05 13:29:39,174 INFO root Thread-12 : Entering ReservationDao.delete()
2021-05-05 13:29:39,176 INFO root Thread-12 : Exiting ReservationDao.delete() with OK
2021-05-05 13:29:39,270 INFO root Thread-12 : Exiting ReservationBusinessService.cancel() with OK
2021-05-05 13:29:39,271 INFO root Thread-12 : Exiting ReservationRestService.handle_cancel() with OK
2021-05-05 13:29:39,271 INFO werkzeug Thread-12 : 127.0.0.1 - - [05/May/2021 13:29:39] "[37mDELETE /bookings/cancel?id=25 HTTP/1.1[0m" 200 -
2021-05-05 13:29:42,802 INFO root Thread-13 : Entering ReservationRestService.handle_get()
2021-05-05 13:29:42,802 INFO root Thread-13 : Entering ReservationBusinessService.retrieve_all()
2021-05-05 13:29:42,802 INFO root Thread-13 : Entering ReservationDao.read_all()
2021-05-05 13:29:42,803 INFO root Thread-13 : Exiting ReservationDao.read_all() with OK
2021-05-05 13:29:42,803 INFO root Thread-13 : Exiting ReservationBusinessService.retrieve_all() with OK
2021-05-05 13:29:42,803 INFO root Thread-13 : Exiting ReservationRestService.handle_get() with OK
2021-05-05 13:29:42,804 INFO werkzeug Thread-13 : 127.0.0.1 - - [05/May/2021 13:29:42] "[37mGET /bookings HTTP/1.1[0m" 200 -
2021-05-05 13:41:55,279 INFO werkzeug MainThread :  * Running on http://127.0.0.1:5000/ (Press CTRL+C to quit)
2021-05-05 13:42:00,706 INFO root Thread-1 : Entering ReservationRestService.handle_get()
2021-05-05 13:42:00,706 INFO root Thread-1 : Entering ReservationBusinessService.retrieve_all()
2021-05-05 13:42:00,706 INFO root Thread-1 : Entering ReservationDao.read_all()
2021-05-05 13:42:01,124 INFO root Thread-1 : Exiting ReservationDao.read_all() with OK
2021-05-05 13:42:01,125 INFO root Thread-1 : Exiting ReservationBusinessService.retrieve_all() with OK
2021-05-05 13:42:01,125 INFO root Thread-1 : Exiting ReservationRestService.handle_get() with OK
2021-05-05 13:42:01,174 INFO werkzeug Thread-1 : 127.0.0.1 - - [05/May/2021 13:42:01] "[37mGET /bookings HTTP/1.1[0m" 200 -
2021-05-05 13:42:12,190 INFO werkzeug MainThread :  * Running on http://127.0.0.1:5000/ (Press CTRL+C to quit)
2021-05-05 13:42:15,146 INFO root Thread-1 : Entering ReservationRestService.handle_get()
2021-05-05 13:42:15,146 INFO root Thread-1 : Entering ReservationBusinessService.retrieve_all()
2021-05-05 13:42:15,147 INFO root Thread-1 : Entering ReservationDao.read_all()
2021-05-05 13:42:15,534 INFO root Thread-1 : Exiting ReservationDao.read_all() with OK
2021-05-05 13:42:15,534 INFO root Thread-1 : Exiting ReservationBusinessService.retrieve_all() with OK
2021-05-05 13:42:15,535 INFO root Thread-1 : Exiting ReservationRestService.handle_get() with OK
2021-05-05 13:42:15,582 INFO werkzeug Thread-1 : 127.0.0.1 - - [05/May/2021 13:42:15] "[37mGET /bookings HTTP/1.1[0m" 200 -
2021-05-05 13:43:03,314 INFO root Thread-2 : Entering ReservationRestService.handle_cancel()
2021-05-05 13:43:03,315 INFO root Thread-2 : Entering ReservationBusinessService.cancel()
2021-05-05 13:43:03,316 INFO root Thread-2 : Entering ReservationDao.delete()
2021-05-05 13:43:03,348 INFO root Thread-2 : Exiting ReservationDao.delete() with OK
2021-05-05 13:43:03,431 INFO root Thread-2 : Exiting ReservationBusinessService.cancel() with OK
2021-05-05 13:43:03,431 INFO root Thread-2 : Exiting ReservationRestService.handle_cancel() with OK
2021-05-05 13:43:03,431 INFO werkzeug Thread-2 : 127.0.0.1 - - [05/May/2021 13:43:03] "[37mDELETE /bookings/cancel?id=24 HTTP/1.1[0m" 200 -
2021-05-05 13:43:09,849 INFO root Thread-3 : Entering ReservationRestService.handle_get()
2021-05-05 13:43:09,849 INFO root Thread-3 : Entering ReservationBusinessService.retrieve_all()
2021-05-05 13:43:09,850 INFO root Thread-3 : Entering ReservationDao.read_all()
2021-05-05 13:43:09,881 INFO root Thread-3 : Exiting ReservationDao.read_all() with OK
2021-05-05 13:43:09,882 INFO root Thread-3 : Exiting ReservationBusinessService.retrieve_all() with OK
2021-05-05 13:43:09,882 INFO root Thread-3 : Exiting ReservationRestService.handle_get() with OK
2021-05-05 13:43:09,929 INFO werkzeug Thread-3 : 127.0.0.1 - - [05/May/2021 13:43:09] "[37mGET /bookings HTTP/1.1[0m" 200 -
2021-05-05 13:45:42,172 INFO werkzeug MainThread :  * Running on http://127.0.0.1:5000/ (Press CTRL+C to quit)
2021-05-05 13:46:14,841 INFO werkzeug MainThread :  * Running on http://127.0.0.1:5000/ (Press CTRL+C to quit)
2021-05-05 13:47:34,204 INFO werkzeug MainThread :  * Running on http://127.0.0.1:5000/ (Press CTRL+C to quit)
2021-05-05 13:47:37,835 INFO root Thread-1 : Entering ReservationRestService.handle_get()
2021-05-05 13:47:37,835 INFO root Thread-1 : Entering ReservationBusinessService.retrieve_all()
2021-05-05 13:47:37,836 INFO root Thread-1 : Entering ReservationDao.read_all()
2021-05-05 13:47:38,256 INFO root Thread-1 : Exiting ReservationDao.read_all() with OK
2021-05-05 13:47:38,256 INFO root Thread-1 : Exiting ReservationBusinessService.retrieve_all() with OK
2021-05-05 13:47:38,257 INFO root Thread-1 : Exiting ReservationRestService.handle_get() with OK
2021-05-05 13:47:38,304 INFO werkzeug Thread-1 : 127.0.0.1 - - [05/May/2021 13:47:38] "[37mGET /bookings HTTP/1.1[0m" 200 -
2021-05-05 13:47:54,214 INFO root Thread-2 : Entering ReservationRestService.handle_cancel()
2021-05-05 13:47:54,216 INFO root Thread-2 : Entering ReservationBusinessService.cancel()
2021-05-05 13:47:54,216 INFO root Thread-2 : Entering ReservationDao.delete()
2021-05-05 13:47:54,250 INFO root Thread-2 : Exiting ReservationDao.delete() with OK
2021-05-05 13:47:54,332 INFO root Thread-2 : Exiting ReservationBusinessService.cancel() with OK
2021-05-05 13:47:54,333 INFO root Thread-2 : Exiting ReservationRestService.handle_cancel() with OK
2021-05-05 13:47:54,334 INFO werkzeug Thread-2 : 127.0.0.1 - - [05/May/2021 13:47:54] "[37mDELETE /bookings/cancel?id=24 HTTP/1.1[0m" 200 -
2021-05-05 13:47:59,386 INFO root Thread-3 : Entering ReservationRestService.handle_get()
2021-05-05 13:47:59,387 INFO root Thread-3 : Entering ReservationBusinessService.retrieve_all()
2021-05-05 13:47:59,387 INFO root Thread-3 : Entering ReservationDao.read_all()
2021-05-05 13:47:59,418 INFO root Thread-3 : Exiting ReservationDao.read_all() with OK
2021-05-05 13:47:59,419 INFO root Thread-3 : Exiting ReservationBusinessService.retrieve_all() with OK
2021-05-05 13:47:59,419 INFO root Thread-3 : Exiting ReservationRestService.handle_get() with OK
2021-05-05 13:47:59,470 INFO werkzeug Thread-3 : 127.0.0.1 - - [05/May/2021 13:47:59] "[37mGET /bookings HTTP/1.1[0m" 200 -
2021-05-05 13:48:25,487 INFO root Thread-4 : Entering ReservationRestService.handle_get()
2021-05-05 13:48:25,487 INFO root Thread-4 : Entering ReservationBusinessService.retrieve_all()
2021-05-05 13:48:25,487 INFO root Thread-4 : Entering ReservationDao.read_all()
2021-05-05 13:48:25,514 INFO root Thread-4 : Exiting ReservationDao.read_all() with OK
2021-05-05 13:48:25,514 INFO root Thread-4 : Exiting ReservationBusinessService.retrieve_all() with OK
2021-05-05 13:48:25,515 INFO root Thread-4 : Exiting ReservationRestService.handle_get() with OK
2021-05-05 13:48:25,560 INFO werkzeug Thread-4 : 127.0.0.1 - - [05/May/2021 13:48:25] "[37mGET /bookings HTTP/1.1[0m" 200 -
2021-05-05 13:48:57,608 INFO werkzeug MainThread :  * Running on http://127.0.0.1:5000/ (Press CTRL+C to quit)
2021-05-05 13:49:04,389 INFO root Thread-1 : Entering ReservationRestService.handle_get()
2021-05-05 13:49:04,390 INFO root Thread-1 : Entering ReservationBusinessService.retrieve_all()
2021-05-05 13:49:04,390 INFO root Thread-1 : Entering ReservationDao.read_all()
2021-05-05 13:49:05,016 INFO root Thread-1 : Exiting ReservationDao.read_all() with OK
2021-05-05 13:49:05,016 INFO root Thread-1 : Exiting ReservationBusinessService.retrieve_all() with OK
2021-05-05 13:49:05,016 INFO root Thread-1 : Exiting ReservationRestService.handle_get() with OK
2021-05-05 13:49:05,064 INFO werkzeug Thread-1 : 127.0.0.1 - - [05/May/2021 13:49:05] "[37mGET /bookings HTTP/1.1[0m" 200 -
2021-05-05 13:50:41,218 INFO werkzeug MainThread :  * Running on http://127.0.0.1:5000/ (Press CTRL+C to quit)
2021-05-05 13:50:45,037 INFO root Thread-1 : Entering ReservationRestService.handle_get()
2021-05-05 13:50:45,037 INFO root Thread-1 : Entering ReservationBusinessService.retrieve_all()
2021-05-05 13:50:45,037 INFO root Thread-1 : Entering ReservationDao.read_all()
2021-05-05 13:50:49,418 INFO root Thread-1 : Exiting ReservationDao.read_all() with OK
2021-05-05 13:50:49,418 INFO root Thread-1 : Exiting ReservationBusinessService.retrieve_all() with OK
2021-05-05 13:50:49,419 INFO root Thread-1 : Exiting ReservationRestService.handle_get() with OK
2021-05-05 13:50:49,466 INFO werkzeug Thread-1 : 127.0.0.1 - - [05/May/2021 13:50:49] "[37mGET /bookings HTTP/1.1[0m" 200 -
2021-05-05 13:51:14,694 INFO root Thread-2 : Entering ReservationRestService.handle_edit()
2021-05-05 13:51:14,694 INFO root Thread-2 : Entering ReservationBusinessService.edit()
2021-05-05 13:51:14,694 INFO root Thread-2 : Entering ReservationDao.update()
2021-05-05 13:51:14,725 INFO root Thread-2 : Exiting ReservationDao.update() with OK
2021-05-05 13:51:14,829 INFO root Thread-2 : Exiting ReservationBusinessService.edit() with OK
2021-05-05 13:51:14,830 INFO root Thread-2 : Exiting ReservationRestService.handle_edit() with OK
2021-05-05 13:51:14,875 INFO werkzeug Thread-2 : 127.0.0.1 - - [05/May/2021 13:51:14] "[37mPUT /bookings/edit HTTP/1.1[0m" 200 -
2021-05-05 13:51:20,792 INFO root Thread-3 : Entering ReservationRestService.handle_get()
2021-05-05 13:51:20,792 INFO root Thread-3 : Entering ReservationBusinessService.retrieve_all()
2021-05-05 13:51:20,792 INFO root Thread-3 : Entering ReservationDao.read_all()
2021-05-05 13:51:20,819 INFO root Thread-3 : Exiting ReservationDao.read_all() with OK
2021-05-05 13:51:20,819 INFO root Thread-3 : Exiting ReservationBusinessService.retrieve_all() with OK
2021-05-05 13:51:20,819 INFO root Thread-3 : Exiting ReservationRestService.handle_get() with OK
2021-05-05 13:51:20,875 INFO werkzeug Thread-3 : 127.0.0.1 - - [05/May/2021 13:51:20] "[37mGET /bookings HTTP/1.1[0m" 200 -
2021-05-05 13:52:16,915 INFO root Thread-4 : Entering ReservationRestService.handle_get()
2021-05-05 13:52:16,915 INFO root Thread-4 : Entering ReservationBusinessService.retrieve_all()
2021-05-05 13:52:16,916 INFO root Thread-4 : Entering ReservationDao.read_all()
2021-05-05 13:52:16,945 INFO root Thread-4 : Exiting ReservationDao.read_all() with OK
2021-05-05 13:52:16,946 INFO root Thread-4 : Exiting ReservationBusinessService.retrieve_all() with OK
2021-05-05 13:52:16,946 INFO root Thread-4 : Exiting ReservationRestService.handle_get() with OK
2021-05-05 13:52:16,992 INFO werkzeug Thread-4 : 127.0.0.1 - - [05/May/2021 13:52:16] "[37mGET /bookings HTTP/1.1[0m" 200 -
2021-05-05 13:52:58,433 INFO werkzeug MainThread :  * Running on http://127.0.0.1:5000/ (Press CTRL+C to quit)
2021-05-05 13:53:05,944 INFO root Thread-1 : Entering ReservationRestService.handle_get()
2021-05-05 13:53:05,944 INFO root Thread-1 : Entering ReservationBusinessService.retrieve_all()
2021-05-05 13:53:05,944 INFO root Thread-1 : Entering ReservationDao.read_all()
2021-05-05 13:53:06,337 INFO root Thread-1 : Exiting ReservationDao.read_all() with OK
2021-05-05 13:53:06,337 INFO root Thread-1 : Exiting ReservationBusinessService.retrieve_all() with OK
2021-05-05 13:53:06,338 INFO root Thread-1 : Exiting ReservationRestService.handle_get() with OK
2021-05-05 13:53:06,396 INFO werkzeug Thread-1 : 127.0.0.1 - - [05/May/2021 13:53:06] "[37mGET /bookings HTTP/1.1[0m" 200 -
2021-05-05 13:53:14,980 INFO root Thread-2 : Entering ReservationRestService.handle_reserve()
2021-05-05 13:53:14,980 INFO root Thread-2 : Entering ReservationBusinessService.reserve()
2021-05-05 13:53:14,980 INFO root Thread-2 : Entering ReservationDao.create()
2021-05-05 13:53:14,981 WARNING root Thread-2 : Exiting ReservationDao.create() with None
2021-05-05 13:53:15,087 INFO root Thread-2 : Exiting ReservationBusinessService.reserve() with OK
2021-05-05 13:53:15,087 INFO root Thread-2 : Exiting ReservationRestService.handle_reserve() with OK
2021-05-05 13:53:15,154 INFO werkzeug Thread-2 : 127.0.0.1 - - [05/May/2021 13:53:15] "[37mPOST /bookings/reserve HTTP/1.1[0m" 200 -
2021-05-05 13:55:02,204 INFO root Thread-3 : Entering ReservationRestService.handle_reserve()
2021-05-05 13:55:02,204 INFO root Thread-3 : Entering ReservationBusinessService.reserve()
2021-05-05 13:55:02,205 INFO root Thread-3 : Entering ReservationDao.create()
2021-05-05 13:55:02,205 WARNING root Thread-3 : Exiting ReservationDao.create() with None
2021-05-05 13:55:02,329 INFO root Thread-3 : Exiting ReservationBusinessService.reserve() with OK
2021-05-05 13:55:02,329 INFO root Thread-3 : Exiting ReservationRestService.handle_reserve() with OK
2021-05-05 13:55:02,379 INFO werkzeug Thread-3 : 127.0.0.1 - - [05/May/2021 13:55:02] "[37mPOST /bookings/reserve HTTP/1.1[0m" 200 -
2021-05-05 13:55:07,078 INFO root Thread-4 : Entering ReservationRestService.handle_get()
2021-05-05 13:55:07,078 INFO root Thread-4 : Entering ReservationBusinessService.retrieve_all()
2021-05-05 13:55:07,078 INFO root Thread-4 : Entering ReservationDao.read_all()
2021-05-05 13:55:07,105 INFO root Thread-4 : Exiting ReservationDao.read_all() with OK
2021-05-05 13:55:07,105 INFO root Thread-4 : Exiting ReservationBusinessService.retrieve_all() with OK
2021-05-05 13:55:07,105 INFO root Thread-4 : Exiting ReservationRestService.handle_get() with OK
2021-05-05 13:55:07,153 INFO werkzeug Thread-4 : 127.0.0.1 - - [05/May/2021 13:55:07] "[37mGET /bookings HTTP/1.1[0m" 200 -
2021-05-05 13:57:09,514 INFO root Thread-5 : Entering ReservationRestService.handle_get()
2021-05-05 13:57:09,514 INFO root Thread-5 : Entering ReservationBusinessService.retrieve_all()
2021-05-05 13:57:09,515 INFO root Thread-5 : Entering ReservationDao.read_all()
2021-05-05 13:57:09,542 INFO root Thread-5 : Exiting ReservationDao.read_all() with OK
2021-05-05 13:57:09,542 INFO root Thread-5 : Exiting ReservationBusinessService.retrieve_all() with OK
2021-05-05 13:57:09,543 INFO root Thread-5 : Exiting ReservationRestService.handle_get() with OK
2021-05-05 13:57:09,589 INFO werkzeug Thread-5 : 127.0.0.1 - - [05/May/2021 13:57:09] "[37mGET /bookings HTTP/1.1[0m" 200 -
2021-05-05 13:57:52,675 INFO werkzeug MainThread :  * Running on http://127.0.0.1:5000/ (Press CTRL+C to quit)
2021-05-05 13:58:09,008 INFO root Thread-1 : Entering ReservationRestService.handle_get()
2021-05-05 13:58:09,008 INFO root Thread-1 : Entering ReservationBusinessService.retrieve_all()
2021-05-05 13:58:09,008 INFO root Thread-1 : Entering ReservationDao.read_all()
2021-05-05 13:58:09,437 INFO root Thread-1 : Exiting ReservationDao.read_all() with OK
2021-05-05 13:58:09,437 INFO root Thread-1 : Exiting ReservationBusinessService.retrieve_all() with OK
2021-05-05 13:58:09,438 INFO root Thread-1 : Exiting ReservationRestService.handle_get() with OK
2021-05-05 13:58:09,490 INFO werkzeug Thread-1 : 127.0.0.1 - - [05/May/2021 13:58:09] "[37mGET /bookings HTTP/1.1[0m" 200 -
2021-05-05 13:58:50,467 INFO werkzeug MainThread :  * Running on http://127.0.0.1:5000/ (Press CTRL+C to quit)
2021-05-05 13:58:55,053 INFO root Thread-1 : Entering ReservationRestService.handle_get()
2021-05-05 13:58:55,053 INFO root Thread-1 : Entering ReservationBusinessService.retrieve_all()
2021-05-05 13:58:55,053 INFO root Thread-1 : Entering ReservationDao.read_all()
2021-05-05 13:58:55,675 INFO root Thread-1 : Exiting ReservationDao.read_all() with OK
2021-05-05 13:58:55,676 INFO root Thread-1 : Exiting ReservationBusinessService.retrieve_all() with OK
2021-05-05 13:58:55,676 INFO root Thread-1 : Exiting ReservationRestService.handle_get() with OK
2021-05-05 13:58:55,724 INFO werkzeug Thread-1 : 127.0.0.1 - - [05/May/2021 13:58:55] "[37mGET /bookings HTTP/1.1[0m" 200 -
2021-05-05 13:59:12,649 INFO root Thread-2 : Entering ReservationRestService.handle_cancel()
2021-05-05 13:59:12,650 INFO root Thread-2 : Entering ReservationBusinessService.cancel()
2021-05-05 13:59:12,650 INFO root Thread-2 : Entering ReservationDao.delete()
2021-05-05 13:59:12,679 INFO root Thread-2 : Exiting ReservationDao.delete() with OK
2021-05-05 13:59:12,756 INFO root Thread-2 : Exiting ReservationBusinessService.cancel() with OK
2021-05-05 13:59:12,757 INFO root Thread-2 : Exiting ReservationRestService.handle_cancel() with OK
2021-05-05 13:59:12,757 INFO werkzeug Thread-2 : 127.0.0.1 - - [05/May/2021 13:59:12] "[37mDELETE /bookings/cancel?id=26 HTTP/1.1[0m" 200 -
2021-05-05 13:59:16,353 INFO root Thread-3 : Entering ReservationRestService.handle_get()
2021-05-05 13:59:16,353 INFO root Thread-3 : Entering ReservationBusinessService.retrieve_all()
2021-05-05 13:59:16,354 INFO root Thread-3 : Entering ReservationDao.read_all()
2021-05-05 13:59:16,382 INFO root Thread-3 : Exiting ReservationDao.read_all() with OK
2021-05-05 13:59:16,383 INFO root Thread-3 : Exiting ReservationBusinessService.retrieve_all() with OK
2021-05-05 13:59:16,383 INFO root Thread-3 : Exiting ReservationRestService.handle_get() with OK
2021-05-05 13:59:16,430 INFO werkzeug Thread-3 : 127.0.0.1 - - [05/May/2021 13:59:16] "[37mGET /bookings HTTP/1.1[0m" 200 -
2021-05-05 14:07:33,905 INFO root Thread-4 : Entering ReservationRestService.handle_get()
2021-05-05 14:07:33,906 INFO root Thread-4 : Entering ReservationBusinessService.retrieve_all()
2021-05-05 14:07:33,906 INFO root Thread-4 : Entering ReservationDao.read_all()
2021-05-05 14:07:33,934 INFO root Thread-4 : Exiting ReservationDao.read_all() with OK
2021-05-05 14:07:33,935 INFO root Thread-4 : Exiting ReservationBusinessService.retrieve_all() with OK
2021-05-05 14:07:33,935 INFO root Thread-4 : Exiting ReservationRestService.handle_get() with OK
2021-05-05 14:07:33,982 INFO werkzeug Thread-4 : 127.0.0.1 - - [05/May/2021 14:07:33] "[37mGET /bookings HTTP/1.1[0m" 200 -
2021-05-05 14:07:48,297 INFO werkzeug MainThread :  * Running on http://127.0.0.1:5000/ (Press CTRL+C to quit)
2021-05-05 14:07:56,834 INFO root Thread-1 : Entering ReservationRestService.handle_get()
2021-05-05 14:07:56,834 INFO root Thread-1 : Entering ReservationBusinessService.retrieve_all()
2021-05-05 14:07:56,834 INFO root Thread-1 : Entering ReservationDao.read_all()
2021-05-05 14:07:57,231 INFO root Thread-1 : Exiting ReservationDao.read_all() with OK
2021-05-05 14:07:57,232 INFO root Thread-1 : Exiting ReservationBusinessService.retrieve_all() with OK
2021-05-05 14:07:57,232 INFO root Thread-1 : Exiting ReservationRestService.handle_get() with OK
2021-05-05 14:07:57,288 INFO werkzeug Thread-1 : 127.0.0.1 - - [05/May/2021 14:07:57] "[37mGET /bookings HTTP/1.1[0m" 200 -
2021-05-05 14:10:04,411 INFO werkzeug MainThread :  * Running on http://127.0.0.1:5000/ (Press CTRL+C to quit)
2021-05-05 14:10:08,609 INFO root Thread-1 : Entering ReservationRestService.handle_get()
2021-05-05 14:10:08,609 INFO root Thread-1 : Entering ReservationBusinessService.retrieve_all()
2021-05-05 14:10:08,610 INFO root Thread-1 : Entering ReservationDao.read_all()
2021-05-05 14:10:08,673 INFO root Thread-1 : Exiting ReservationDao.read_all() with OK
2021-05-05 14:10:08,673 INFO root Thread-1 : Exiting ReservationBusinessService.retrieve_all() with OK
2021-05-05 14:10:08,673 INFO root Thread-1 : Exiting ReservationRestService.handle_get() with OK
2021-05-05 14:10:08,674 INFO werkzeug Thread-1 : 127.0.0.1 - - [05/May/2021 14:10:08] "[37mGET /bookings HTTP/1.1[0m" 200 -
2021-05-05 14:10:37,429 INFO root Thread-2 : Entering ReservationRestService.handle_cancel()
2021-05-05 14:10:37,429 INFO root Thread-2 : Entering ReservationBusinessService.cancel()
2021-05-05 14:10:37,429 INFO root Thread-2 : Entering ReservationDao.delete()
2021-05-05 14:10:37,432 INFO root Thread-2 : Exiting ReservationDao.delete() with OK
2021-05-05 14:10:37,740 INFO root Thread-2 : Exiting ReservationBusinessService.cancel() with OK
2021-05-05 14:10:37,740 INFO root Thread-2 : Exiting ReservationRestService.handle_cancel() with OK
2021-05-05 14:10:37,740 INFO werkzeug Thread-2 : 127.0.0.1 - - [05/May/2021 14:10:37] "[37mDELETE /bookings/cancel?id=24 HTTP/1.1[0m" 200 -
2021-05-05 14:10:42,577 INFO root Thread-3 : Entering ReservationRestService.handle_get()
2021-05-05 14:10:42,578 INFO root Thread-3 : Entering ReservationBusinessService.retrieve_all()
2021-05-05 14:10:42,578 INFO root Thread-3 : Entering ReservationDao.read_all()
2021-05-05 14:10:42,579 INFO root Thread-3 : Exiting ReservationDao.read_all() with OK
2021-05-05 14:10:42,579 INFO root Thread-3 : Exiting ReservationBusinessService.retrieve_all() with OK
2021-05-05 14:10:42,579 INFO root Thread-3 : Exiting ReservationRestService.handle_get() with OK
2021-05-05 14:10:42,580 INFO werkzeug Thread-3 : 127.0.0.1 - - [05/May/2021 14:10:42] "[37mGET /bookings HTTP/1.1[0m" 200 -
2021-05-05 14:19:40,911 INFO werkzeug MainThread :  * Running on http://127.0.0.1:5000/ (Press CTRL+C to quit)
2021-05-05 14:19:50,121 INFO root Thread-1 : Entering ReservationRestService.handle_get()
2021-05-05 14:19:50,122 INFO root Thread-1 : Entering ReservationBusinessService.retrieve_all()
2021-05-05 14:19:50,122 INFO root Thread-1 : Entering ReservationDao.read_all()
2021-05-05 14:19:50,545 INFO root Thread-1 : Exiting ReservationDao.read_all() with OK
2021-05-05 14:19:50,545 INFO root Thread-1 : Exiting ReservationBusinessService.retrieve_all() with OK
2021-05-05 14:19:50,545 INFO root Thread-1 : Exiting ReservationRestService.handle_get() with OK
2021-05-05 14:19:50,606 INFO werkzeug Thread-1 : 127.0.0.1 - - [05/May/2021 14:19:50] "[37mGET /bookings HTTP/1.1[0m" 200 -
2021-05-05 14:22:49,761 INFO werkzeug MainThread :  * Running on http://127.0.0.1:5000/ (Press CTRL+C to quit)
2021-05-05 14:22:55,509 INFO root Thread-1 : Entering ReservationRestService.handle_get()
2021-05-05 14:22:55,509 INFO root Thread-1 : Entering ReservationBusinessService.retrieve_all()
2021-05-05 14:22:55,509 INFO root Thread-1 : Entering ReservationDao.read_all()
2021-05-05 14:22:55,910 INFO root Thread-1 : Exiting ReservationDao.read_all() with OK
2021-05-05 14:22:55,910 INFO root Thread-1 : Exiting ReservationBusinessService.retrieve_all() with OK
2021-05-05 14:22:55,911 INFO root Thread-1 : Exiting ReservationRestService.handle_get() with OK
2021-05-05 14:22:55,958 INFO werkzeug Thread-1 : 127.0.0.1 - - [05/May/2021 14:22:55] "[37mGET /bookings HTTP/1.1[0m" 200 -
2021-05-05 14:23:46,189 INFO root Thread-2 : Entering ReservationRestService.handle_get()
2021-05-05 14:23:46,189 INFO root Thread-2 : Entering ReservationBusinessService.retrieve_all()
2021-05-05 14:23:46,189 INFO root Thread-2 : Entering ReservationDao.read_all()
2021-05-05 14:23:46,219 INFO root Thread-2 : Exiting ReservationDao.read_all() with OK
2021-05-05 14:23:46,219 INFO root Thread-2 : Exiting ReservationBusinessService.retrieve_all() with OK
2021-05-05 14:23:46,219 INFO root Thread-2 : Exiting ReservationRestService.handle_get() with OK
2021-05-05 14:23:46,265 INFO werkzeug Thread-2 : 127.0.0.1 - - [05/May/2021 14:23:46] "[37mGET /bookings HTTP/1.1[0m" 200 -
2021-05-05 14:23:52,708 INFO root Thread-3 : Entering ReservationRestService.handle_get()
2021-05-05 14:23:52,708 INFO root Thread-3 : Entering ReservationBusinessService.retrieve_all()
2021-05-05 14:23:52,708 INFO root Thread-3 : Entering ReservationDao.read_all()
2021-05-05 14:23:52,737 INFO root Thread-3 : Exiting ReservationDao.read_all() with OK
2021-05-05 14:23:52,737 INFO root Thread-3 : Exiting ReservationBusinessService.retrieve_all() with OK
2021-05-05 14:23:52,738 INFO root Thread-3 : Exiting ReservationRestService.handle_get() with OK
2021-05-05 14:23:52,789 INFO werkzeug Thread-3 : 127.0.0.1 - - [05/May/2021 14:23:52] "[37mGET /bookings HTTP/1.1[0m" 200 -
2021-05-05 14:24:09,690 INFO werkzeug MainThread :  * Running on http://127.0.0.1:5000/ (Press CTRL+C to quit)
2021-05-05 14:24:14,031 INFO root Thread-1 : Entering ReservationRestService.handle_get()
2021-05-05 14:24:14,031 INFO root Thread-1 : Entering ReservationBusinessService.retrieve_all()
2021-05-05 14:24:14,031 INFO root Thread-1 : Entering ReservationDao.read_all()
2021-05-05 14:24:15,181 INFO root Thread-1 : Exiting ReservationDao.read_all() with OK
2021-05-05 14:24:15,181 INFO root Thread-1 : Exiting ReservationBusinessService.retrieve_all() with OK
2021-05-05 14:24:15,181 INFO root Thread-1 : Exiting ReservationRestService.handle_get() with OK
2021-05-05 14:24:15,345 INFO werkzeug Thread-1 : 127.0.0.1 - - [05/May/2021 14:24:15] "[37mGET /bookings HTTP/1.1[0m" 200 -
2021-05-05 14:24:24,070 INFO root Thread-2 : Entering ReservationRestService.handle_get()
2021-05-05 14:24:24,070 INFO root Thread-2 : Entering ReservationBusinessService.retrieve_all()
2021-05-05 14:24:24,070 INFO root Thread-2 : Entering ReservationDao.read_all()
2021-05-05 14:24:24,099 INFO root Thread-2 : Exiting ReservationDao.read_all() with OK
2021-05-05 14:24:24,099 INFO root Thread-2 : Exiting ReservationBusinessService.retrieve_all() with OK
2021-05-05 14:24:24,099 INFO root Thread-2 : Exiting ReservationRestService.handle_get() with OK
2021-05-05 14:24:24,149 INFO werkzeug Thread-2 : 127.0.0.1 - - [05/May/2021 14:24:24] "[37mGET /bookings HTTP/1.1[0m" 200 -
2021-05-05 14:24:38,533 INFO root Thread-3 : Entering ReservationRestService.handle_reserve()
2021-05-05 14:24:38,534 INFO root Thread-3 : Entering ReservationBusinessService.reserve()
2021-05-05 14:24:38,534 INFO root Thread-3 : Entering ReservationDao.create()
2021-05-05 14:24:38,534 WARNING root Thread-3 : Exiting ReservationDao.create() with None
2021-05-05 14:24:38,656 INFO root Thread-3 : Exiting ReservationBusinessService.reserve() with OK
2021-05-05 14:24:38,657 INFO root Thread-3 : Exiting ReservationRestService.handle_reserve() with OK
2021-05-05 14:24:38,706 INFO werkzeug Thread-3 : 127.0.0.1 - - [05/May/2021 14:24:38] "[37mPOST /bookings/reserve HTTP/1.1[0m" 200 -
2021-05-05 14:25:15,812 INFO root Thread-4 : Entering ReservationRestService.handle_get()
2021-05-05 14:25:15,812 INFO root Thread-4 : Entering ReservationBusinessService.retrieve_all()
2021-05-05 14:25:15,813 INFO root Thread-4 : Entering ReservationDao.read_all()
2021-05-05 14:25:15,841 INFO root Thread-4 : Exiting ReservationDao.read_all() with OK
2021-05-05 14:25:15,841 INFO root Thread-4 : Exiting ReservationBusinessService.retrieve_all() with OK
2021-05-05 14:25:15,842 INFO root Thread-4 : Exiting ReservationRestService.handle_get() with OK
2021-05-05 14:25:15,894 INFO werkzeug Thread-4 : 127.0.0.1 - - [05/May/2021 14:25:15] "[37mGET /bookings HTTP/1.1[0m" 200 -
2021-05-05 14:26:11,492 INFO root Thread-5 : Entering ReservationRestService.handle_edit()
2021-05-05 14:26:11,493 INFO root Thread-5 : Entering ReservationBusinessService.edit()
2021-05-05 14:26:11,493 INFO root Thread-5 : Entering ReservationDao.update()
2021-05-05 14:26:11,522 INFO root Thread-5 : Exiting ReservationDao.update() with OK
2021-05-05 14:26:11,630 INFO root Thread-5 : Exiting ReservationBusinessService.edit() with OK
2021-05-05 14:26:11,630 INFO root Thread-5 : Exiting ReservationRestService.handle_edit() with OK
2021-05-05 14:26:11,681 INFO werkzeug Thread-5 : 127.0.0.1 - - [05/May/2021 14:26:11] "[37mPUT /bookings/edit HTTP/1.1[0m" 200 -
2021-05-05 14:26:16,065 INFO root Thread-6 : Entering ReservationRestService.handle_get()
2021-05-05 14:26:16,065 INFO root Thread-6 : Entering ReservationBusinessService.retrieve_all()
2021-05-05 14:26:16,065 INFO root Thread-6 : Entering ReservationDao.read_all()
2021-05-05 14:26:16,095 INFO root Thread-6 : Exiting ReservationDao.read_all() with OK
2021-05-05 14:26:16,095 INFO root Thread-6 : Exiting ReservationBusinessService.retrieve_all() with OK
2021-05-05 14:26:16,095 INFO root Thread-6 : Exiting ReservationRestService.handle_get() with OK
2021-05-05 14:26:16,145 INFO werkzeug Thread-6 : 127.0.0.1 - - [05/May/2021 14:26:16] "[37mGET /bookings HTTP/1.1[0m" 200 -
2021-05-05 14:29:01,231 INFO werkzeug MainThread :  * Running on http://127.0.0.1:5000/ (Press CTRL+C to quit)
2021-05-05 14:29:19,581 INFO root Thread-1 : Entering ReservationRestService.handle_get()
2021-05-05 14:29:19,581 INFO root Thread-1 : Entering ReservationBusinessService.retrieve_all()
2021-05-05 14:29:19,581 INFO root Thread-1 : Entering ReservationDao.read_all()
2021-05-05 14:29:19,729 ERROR root Thread-1 : Exiting ReservationDao.read_all() with exception: Traceback (most recent call last):
  File "c:\spt\workspace3\env\lib\site-packages\sqlalchemy\util\_collections.py", line 1008, in __call__
    return self.registry[key]
KeyError: <greenlet.greenlet object at 0x0000020B4064FE00 (otid=0x0000020B40618B40) current active started main>

During handling of the above exception, another exception occurred:

Traceback (most recent call last):
  File "C:\spt\workspace3\flask_booking\src\logging\log.py", line 47, in inner
    ret = method(*args, **kwargs)
  File "C:\spt\workspace3\flask_booking\src\data\reservation.py", line 130, in read_all
    reservations = Reservation.query.all()
  File "c:\spt\workspace3\env\lib\site-packages\flask_sqlalchemy\__init__.py", line 552, in __get__
    return type.query_class(mapper, session=self.sa.session())
  File "c:\spt\workspace3\env\lib\site-packages\sqlalchemy\orm\scoping.py", line 129, in __call__
    return self.registry()
  File "c:\spt\workspace3\env\lib\site-packages\sqlalchemy\util\_collections.py", line 1010, in __call__
    return self.registry.setdefault(key, self.createfunc())
  File "c:\spt\workspace3\env\lib\site-packages\sqlalchemy\orm\session.py", line 4058, in __call__
    return self.class_(**local_kw)
  File "c:\spt\workspace3\env\lib\site-packages\flask_sqlalchemy\__init__.py", line 176, in __init__
    bind = options.pop('bind', None) or db.engine
  File "c:\spt\workspace3\env\lib\site-packages\flask_sqlalchemy\__init__.py", line 998, in engine
    return self.get_engine()
  File "c:\spt\workspace3\env\lib\site-packages\flask_sqlalchemy\__init__.py", line 1017, in get_engine
    return connector.get_engine()
  File "c:\spt\workspace3\env\lib\site-packages\flask_sqlalchemy\__init__.py", line 592, in get_engine
    sa_url = make_url(uri)
  File "c:\spt\workspace3\env\lib\site-packages\sqlalchemy\engine\url.py", line 711, in make_url
    return _parse_rfc1738_args(name_or_url)
  File "c:\spt\workspace3\env\lib\site-packages\sqlalchemy\engine\url.py", line 774, in _parse_rfc1738_args
    return URL.create(name, **components)
  File "c:\spt\workspace3\env\lib\site-packages\sqlalchemy\engine\url.py", line 150, in create
    cls._assert_port(port),
  File "c:\spt\workspace3\env\lib\site-packages\sqlalchemy\engine\url.py", line 160, in _assert_port
    return int(port)
ValueError: invalid literal for int() with base 10: ''

2021-05-05 14:29:19,731 ERROR root Thread-1 : Exiting ReservationBusinessService.retrieve_all() with exception: Traceback (most recent call last):
  File "c:\spt\workspace3\env\lib\site-packages\sqlalchemy\util\_collections.py", line 1008, in __call__
    return self.registry[key]
KeyError: <greenlet.greenlet object at 0x0000020B4064FE00 (otid=0x0000020B40618B40) current active started main>

During handling of the above exception, another exception occurred:

Traceback (most recent call last):
  File "C:\spt\workspace3\flask_booking\src\logging\log.py", line 47, in inner
    ret = method(*args, **kwargs)
  File "C:\spt\workspace3\flask_booking\src\data\reservation.py", line 130, in read_all
    reservations = Reservation.query.all()
  File "c:\spt\workspace3\env\lib\site-packages\flask_sqlalchemy\__init__.py", line 552, in __get__
    return type.query_class(mapper, session=self.sa.session())
  File "c:\spt\workspace3\env\lib\site-packages\sqlalchemy\orm\scoping.py", line 129, in __call__
    return self.registry()
  File "c:\spt\workspace3\env\lib\site-packages\sqlalchemy\util\_collections.py", line 1010, in __call__
    return self.registry.setdefault(key, self.createfunc())
  File "c:\spt\workspace3\env\lib\site-packages\sqlalchemy\orm\session.py", line 4058, in __call__
    return self.class_(**local_kw)
  File "c:\spt\workspace3\env\lib\site-packages\flask_sqlalchemy\__init__.py", line 176, in __init__
    bind = options.pop('bind', None) or db.engine
  File "c:\spt\workspace3\env\lib\site-packages\flask_sqlalchemy\__init__.py", line 998, in engine
    return self.get_engine()
  File "c:\spt\workspace3\env\lib\site-packages\flask_sqlalchemy\__init__.py", line 1017, in get_engine
    return connector.get_engine()
  File "c:\spt\workspace3\env\lib\site-packages\flask_sqlalchemy\__init__.py", line 592, in get_engine
    sa_url = make_url(uri)
  File "c:\spt\workspace3\env\lib\site-packages\sqlalchemy\engine\url.py", line 711, in make_url
    return _parse_rfc1738_args(name_or_url)
  File "c:\spt\workspace3\env\lib\site-packages\sqlalchemy\engine\url.py", line 774, in _parse_rfc1738_args
    return URL.create(name, **components)
  File "c:\spt\workspace3\env\lib\site-packages\sqlalchemy\engine\url.py", line 150, in create
    cls._assert_port(port),
  File "c:\spt\workspace3\env\lib\site-packages\sqlalchemy\engine\url.py", line 160, in _assert_port
    return int(port)
ValueError: invalid literal for int() with base 10: ''

During handling of the above exception, another exception occurred:

Traceback (most recent call last):
  File "C:\spt\workspace3\flask_booking\src\logging\log.py", line 47, in inner
    ret = method(*args, **kwargs)
  File "C:\spt\workspace3\flask_booking\src\business\reservation.py", line 132, in retrieve_all
    reservations = self.dao.read_all()
  File "C:\spt\workspace3\flask_booking\src\logging\log.py", line 59, in inner
    raise ServerError("Internal Error")
flask_booking.src.exceptions.server_error.ServerError: Internal Error

2021-05-05 14:29:19,732 ERROR root Thread-1 : Exiting ReservationRestService.handle_get() with exception: Traceback (most recent call last):
  File "c:\spt\workspace3\env\lib\site-packages\sqlalchemy\util\_collections.py", line 1008, in __call__
    return self.registry[key]
KeyError: <greenlet.greenlet object at 0x0000020B4064FE00 (otid=0x0000020B40618B40) current active started main>

During handling of the above exception, another exception occurred:

Traceback (most recent call last):
  File "C:\spt\workspace3\flask_booking\src\logging\log.py", line 47, in inner
    ret = method(*args, **kwargs)
  File "C:\spt\workspace3\flask_booking\src\data\reservation.py", line 130, in read_all
    reservations = Reservation.query.all()
  File "c:\spt\workspace3\env\lib\site-packages\flask_sqlalchemy\__init__.py", line 552, in __get__
    return type.query_class(mapper, session=self.sa.session())
  File "c:\spt\workspace3\env\lib\site-packages\sqlalchemy\orm\scoping.py", line 129, in __call__
    return self.registry()
  File "c:\spt\workspace3\env\lib\site-packages\sqlalchemy\util\_collections.py", line 1010, in __call__
    return self.registry.setdefault(key, self.createfunc())
  File "c:\spt\workspace3\env\lib\site-packages\sqlalchemy\orm\session.py", line 4058, in __call__
    return self.class_(**local_kw)
  File "c:\spt\workspace3\env\lib\site-packages\flask_sqlalchemy\__init__.py", line 176, in __init__
    bind = options.pop('bind', None) or db.engine
  File "c:\spt\workspace3\env\lib\site-packages\flask_sqlalchemy\__init__.py", line 998, in engine
    return self.get_engine()
  File "c:\spt\workspace3\env\lib\site-packages\flask_sqlalchemy\__init__.py", line 1017, in get_engine
    return connector.get_engine()
  File "c:\spt\workspace3\env\lib\site-packages\flask_sqlalchemy\__init__.py", line 592, in get_engine
    sa_url = make_url(uri)
  File "c:\spt\workspace3\env\lib\site-packages\sqlalchemy\engine\url.py", line 711, in make_url
    return _parse_rfc1738_args(name_or_url)
  File "c:\spt\workspace3\env\lib\site-packages\sqlalchemy\engine\url.py", line 774, in _parse_rfc1738_args
    return URL.create(name, **components)
  File "c:\spt\workspace3\env\lib\site-packages\sqlalchemy\engine\url.py", line 150, in create
    cls._assert_port(port),
  File "c:\spt\workspace3\env\lib\site-packages\sqlalchemy\engine\url.py", line 160, in _assert_port
    return int(port)
ValueError: invalid literal for int() with base 10: ''

During handling of the above exception, another exception occurred:

Traceback (most recent call last):
  File "C:\spt\workspace3\flask_booking\src\logging\log.py", line 47, in inner
    ret = method(*args, **kwargs)
  File "C:\spt\workspace3\flask_booking\src\business\reservation.py", line 132, in retrieve_all
    reservations = self.dao.read_all()
  File "C:\spt\workspace3\flask_booking\src\logging\log.py", line 59, in inner
    raise ServerError("Internal Error")
flask_booking.src.exceptions.server_error.ServerError: Internal Error

During handling of the above exception, another exception occurred:

Traceback (most recent call last):
  File "C:\spt\workspace3\flask_booking\src\logging\log.py", line 47, in inner
    ret = method(*args, **kwargs)
  File "C:\spt\workspace3\flask_booking\src\api\reservation.py", line 67, in handle_get
    res_data = self.service.retrieve_all()
  File "C:\spt\workspace3\flask_booking\src\logging\log.py", line 59, in inner
    raise ServerError("Internal Error")
flask_booking.src.exceptions.server_error.ServerError: Internal Error

2021-05-05 14:29:19,735 INFO werkzeug Thread-1 : 127.0.0.1 - - [05/May/2021 14:29:19] "[37mGET /bookings HTTP/1.1[0m" 200 -
2021-05-05 14:29:51,880 INFO werkzeug MainThread :  * Running on http://127.0.0.1:5000/ (Press CTRL+C to quit)
2021-05-05 14:29:55,889 INFO root Thread-1 : Entering ReservationRestService.handle_get()
2021-05-05 14:29:55,889 INFO root Thread-1 : Entering ReservationBusinessService.retrieve_all()
2021-05-05 14:29:55,889 INFO root Thread-1 : Entering ReservationDao.read_all()
2021-05-05 14:29:56,316 INFO root Thread-1 : Exiting ReservationDao.read_all() with OK
2021-05-05 14:29:56,316 INFO root Thread-1 : Exiting ReservationBusinessService.retrieve_all() with OK
2021-05-05 14:29:56,316 INFO root Thread-1 : Exiting ReservationRestService.handle_get() with OK
2021-05-05 14:29:56,366 INFO werkzeug Thread-1 : 127.0.0.1 - - [05/May/2021 14:29:56] "[37mGET /bookings HTTP/1.1[0m" 200 -
2021-05-05 14:38:17,684 INFO werkzeug MainThread :  * Running on http://127.0.0.1:5000/ (Press CTRL+C to quit)
2021-05-05 14:38:22,308 INFO root Thread-1 : Entering ReservationRestService.handle_get()
2021-05-05 14:38:22,308 INFO root Thread-1 : Entering ReservationBusinessService.retrieve_all()
2021-05-05 14:38:22,308 INFO root Thread-1 : Entering ReservationDao.read_all()
2021-05-05 14:38:22,742 INFO root Thread-1 : Exiting ReservationDao.read_all() with OK
2021-05-05 14:38:22,742 INFO root Thread-1 : Exiting ReservationBusinessService.retrieve_all() with OK
2021-05-05 14:38:22,743 INFO root Thread-1 : Exiting ReservationRestService.handle_get() with OK
2021-05-05 14:38:22,796 INFO werkzeug Thread-1 : 127.0.0.1 - - [05/May/2021 14:38:22] "[37mGET /bookings HTTP/1.1[0m" 200 -
2021-05-05 14:38:29,190 INFO root Thread-2 : Entering ReservationRestService.handle_reserve()
2021-05-05 14:38:29,191 INFO root Thread-2 : Entering ReservationBusinessService.reserve()
2021-05-05 14:38:29,191 INFO root Thread-2 : Entering ReservationDao.create()
2021-05-05 14:38:29,192 WARNING root Thread-2 : Exiting ReservationDao.create() with None
2021-05-05 14:38:29,301 INFO root Thread-2 : Exiting ReservationBusinessService.reserve() with OK
2021-05-05 14:38:29,301 INFO root Thread-2 : Exiting ReservationRestService.handle_reserve() with OK
2021-05-05 14:38:29,347 INFO werkzeug Thread-2 : 127.0.0.1 - - [05/May/2021 14:38:29] "[37mPOST /bookings/reserve HTTP/1.1[0m" 200 -
2021-05-05 14:38:52,971 INFO root Thread-3 : Entering ReservationRestService.handle_get()
2021-05-05 14:38:52,971 INFO root Thread-3 : Entering ReservationBusinessService.retrieve_all()
2021-05-05 14:38:52,972 INFO root Thread-3 : Entering ReservationDao.read_all()
2021-05-05 14:38:52,999 INFO root Thread-3 : Exiting ReservationDao.read_all() with OK
2021-05-05 14:38:52,999 INFO root Thread-3 : Exiting ReservationBusinessService.retrieve_all() with OK
2021-05-05 14:38:52,999 INFO root Thread-3 : Exiting ReservationRestService.handle_get() with OK
2021-05-05 14:38:53,047 INFO werkzeug Thread-3 : 127.0.0.1 - - [05/May/2021 14:38:53] "[37mGET /bookings HTTP/1.1[0m" 200 -
2021-05-05 14:39:29,287 INFO root Thread-4 : Entering ReservationRestService.handle_edit()
2021-05-05 14:39:29,289 INFO root Thread-4 : Entering ReservationBusinessService.edit()
2021-05-05 14:39:29,289 INFO root Thread-4 : Entering ReservationDao.update()
2021-05-05 14:39:29,322 INFO root Thread-4 : Exiting ReservationDao.update() with OK
2021-05-05 14:39:29,437 INFO root Thread-4 : Exiting ReservationBusinessService.edit() with OK
2021-05-05 14:39:29,439 INFO root Thread-4 : Exiting ReservationRestService.handle_edit() with OK
2021-05-05 14:39:29,488 INFO werkzeug Thread-4 : 127.0.0.1 - - [05/May/2021 14:39:29] "[37mPUT /bookings/edit HTTP/1.1[0m" 200 -
2021-05-05 14:39:33,187 INFO root Thread-5 : Entering ReservationRestService.handle_get()
2021-05-05 14:39:33,187 INFO root Thread-5 : Entering ReservationBusinessService.retrieve_all()
2021-05-05 14:39:33,188 INFO root Thread-5 : Entering ReservationDao.read_all()
2021-05-05 14:39:33,217 INFO root Thread-5 : Exiting ReservationDao.read_all() with OK
2021-05-05 14:39:33,217 INFO root Thread-5 : Exiting ReservationBusinessService.retrieve_all() with OK
2021-05-05 14:39:33,218 INFO root Thread-5 : Exiting ReservationRestService.handle_get() with OK
2021-05-05 14:39:33,265 INFO werkzeug Thread-5 : 127.0.0.1 - - [05/May/2021 14:39:33] "[37mGET /bookings HTTP/1.1[0m" 200 -
2021-05-05 14:42:13,918 INFO werkzeug MainThread :  * Running on http://127.0.0.1:5000/ (Press CTRL+C to quit)
2021-05-05 14:42:17,924 INFO root Thread-1 : Entering ReservationRestService.handle_get()
2021-05-05 14:42:17,924 INFO root Thread-1 : Entering ReservationBusinessService.retrieve_all()
2021-05-05 14:42:17,924 INFO root Thread-1 : Entering ReservationDao.read_all()
2021-05-05 14:42:18,336 INFO root Thread-1 : Exiting ReservationDao.read_all() with OK
2021-05-05 14:42:18,337 INFO root Thread-1 : Exiting ReservationBusinessService.retrieve_all() with OK
2021-05-05 14:42:18,337 INFO root Thread-1 : Exiting ReservationRestService.handle_get() with OK
2021-05-05 14:42:18,391 INFO werkzeug Thread-1 : 127.0.0.1 - - [05/May/2021 14:42:18] "[37mGET /bookings HTTP/1.1[0m" 200 -
2021-05-05 14:42:52,005 INFO root Thread-2 : Entering ReservationRestService.handle_reserve()
2021-05-05 14:42:52,006 INFO root Thread-2 : Entering ReservationBusinessService.reserve()
2021-05-05 14:42:52,006 INFO root Thread-2 : Entering ReservationDao.create()
2021-05-05 14:42:52,006 WARNING root Thread-2 : Exiting ReservationDao.create() with None
2021-05-05 14:42:52,128 INFO root Thread-2 : Exiting ReservationBusinessService.reserve() with OK
2021-05-05 14:42:52,129 INFO root Thread-2 : Exiting ReservationRestService.handle_reserve() with OK
2021-05-05 14:42:52,180 INFO werkzeug Thread-2 : 127.0.0.1 - - [05/May/2021 14:42:52] "[37mPOST /bookings/reserve HTTP/1.1[0m" 200 -
2021-05-05 14:43:03,038 INFO root Thread-3 : Entering ReservationRestService.handle_get()
2021-05-05 14:43:03,038 INFO root Thread-3 : Entering ReservationBusinessService.retrieve_all()
2021-05-05 14:43:03,038 INFO root Thread-3 : Entering ReservationDao.read_all()
2021-05-05 14:43:03,065 INFO root Thread-3 : Exiting ReservationDao.read_all() with OK
2021-05-05 14:43:03,065 INFO root Thread-3 : Exiting ReservationBusinessService.retrieve_all() with OK
2021-05-05 14:43:03,065 INFO root Thread-3 : Exiting ReservationRestService.handle_get() with OK
2021-05-05 14:43:03,115 INFO werkzeug Thread-3 : 127.0.0.1 - - [05/May/2021 14:43:03] "[37mGET /bookings HTTP/1.1[0m" 200 -
2021-05-05 14:55:49,959 INFO root Thread-4 : Entering ReservationRestService.handle_get()
2021-05-05 14:55:49,960 INFO root Thread-4 : Entering ReservationBusinessService.retrieve_all()
2021-05-05 14:55:49,960 INFO root Thread-4 : Entering ReservationDao.read_all()
2021-05-05 14:55:50,192 ERROR root Thread-4 : Exiting ReservationDao.read_all() with exception: Traceback (most recent call last):
  File "c:\spt\workspace3\env\lib\site-packages\sqlalchemy\engine\base.py", line 1706, in _execute_context
    self.dialect.do_execute(
  File "c:\spt\workspace3\env\lib\site-packages\sqlalchemy\engine\default.py", line 716, in do_execute
    cursor.execute(statement, parameters)
  File "c:\spt\workspace3\env\lib\site-packages\MySQLdb\cursors.py", line 206, in execute
    res = self._query(query)
  File "c:\spt\workspace3\env\lib\site-packages\MySQLdb\cursors.py", line 319, in _query
    db.query(q)
  File "c:\spt\workspace3\env\lib\site-packages\MySQLdb\connections.py", line 259, in query
    _mysql.connection.query(self, query)
MySQLdb._exceptions.OperationalError: (2013, 'Lost connection to MySQL server during query')

The above exception was the direct cause of the following exception:

Traceback (most recent call last):
  File "C:\spt\workspace3\flask_booking\src\data\reservation.py", line 130, in read_all
    reservations = Reservation.query.all()
  File "c:\spt\workspace3\env\lib\site-packages\sqlalchemy\orm\query.py", line 2699, in all
    return self._iter().all()
  File "c:\spt\workspace3\env\lib\site-packages\sqlalchemy\orm\query.py", line 2834, in _iter
    result = self.session.execute(
  File "c:\spt\workspace3\env\lib\site-packages\sqlalchemy\orm\session.py", line 1670, in execute
    result = conn._execute_20(statement, params or {}, execution_options)
  File "c:\spt\workspace3\env\lib\site-packages\sqlalchemy\engine\base.py", line 1521, in _execute_20
    return meth(self, args_10style, kwargs_10style, execution_options)
  File "c:\spt\workspace3\env\lib\site-packages\sqlalchemy\sql\elements.py", line 313, in _execute_on_connection
    return connection._execute_clauseelement(
  File "c:\spt\workspace3\env\lib\site-packages\sqlalchemy\engine\base.py", line 1390, in _execute_clauseelement
    ret = self._execute_context(
  File "c:\spt\workspace3\env\lib\site-packages\sqlalchemy\engine\base.py", line 1749, in _execute_context
    self._handle_dbapi_exception(
  File "c:\spt\workspace3\env\lib\site-packages\sqlalchemy\engine\base.py", line 1930, in _handle_dbapi_exception
    util.raise_(
  File "c:\spt\workspace3\env\lib\site-packages\sqlalchemy\util\compat.py", line 211, in raise_
    raise exception
  File "c:\spt\workspace3\env\lib\site-packages\sqlalchemy\engine\base.py", line 1706, in _execute_context
    self.dialect.do_execute(
  File "c:\spt\workspace3\env\lib\site-packages\sqlalchemy\engine\default.py", line 716, in do_execute
    cursor.execute(statement, parameters)
  File "c:\spt\workspace3\env\lib\site-packages\MySQLdb\cursors.py", line 206, in execute
    res = self._query(query)
  File "c:\spt\workspace3\env\lib\site-packages\MySQLdb\cursors.py", line 319, in _query
    db.query(q)
  File "c:\spt\workspace3\env\lib\site-packages\MySQLdb\connections.py", line 259, in query
    _mysql.connection.query(self, query)
sqlalchemy.exc.OperationalError: (MySQLdb._exceptions.OperationalError) (2013, 'Lost connection to MySQL server during query')
[SQL: SELECT reservation.id AS reservation_id, reservation.name AS reservation_name, reservation.email AS reservation_email, reservation.datetime AS reservation_datetime, reservation.size AS reservation_size 
FROM reservation]
(Background on this error at: http://sqlalche.me/e/14/e3q8)

During handling of the above exception, another exception occurred:

Traceback (most recent call last):
  File "C:\spt\workspace3\flask_booking\src\logging\log.py", line 47, in inner
    ret = method(*args, **kwargs)
  File "C:\spt\workspace3\flask_booking\src\data\reservation.py", line 134, in read_all
    raise DatabaseError("Database error")
flask_booking.src.exceptions.database_error.DatabaseError: Database error

2021-05-05 14:55:50,193 ERROR root Thread-4 : Exiting ReservationBusinessService.retrieve_all() with exception: Traceback (most recent call last):
  File "c:\spt\workspace3\env\lib\site-packages\sqlalchemy\engine\base.py", line 1706, in _execute_context
    self.dialect.do_execute(
  File "c:\spt\workspace3\env\lib\site-packages\sqlalchemy\engine\default.py", line 716, in do_execute
    cursor.execute(statement, parameters)
  File "c:\spt\workspace3\env\lib\site-packages\MySQLdb\cursors.py", line 206, in execute
    res = self._query(query)
  File "c:\spt\workspace3\env\lib\site-packages\MySQLdb\cursors.py", line 319, in _query
    db.query(q)
  File "c:\spt\workspace3\env\lib\site-packages\MySQLdb\connections.py", line 259, in query
    _mysql.connection.query(self, query)
MySQLdb._exceptions.OperationalError: (2013, 'Lost connection to MySQL server during query')

The above exception was the direct cause of the following exception:

Traceback (most recent call last):
  File "C:\spt\workspace3\flask_booking\src\data\reservation.py", line 130, in read_all
    reservations = Reservation.query.all()
  File "c:\spt\workspace3\env\lib\site-packages\sqlalchemy\orm\query.py", line 2699, in all
    return self._iter().all()
  File "c:\spt\workspace3\env\lib\site-packages\sqlalchemy\orm\query.py", line 2834, in _iter
    result = self.session.execute(
  File "c:\spt\workspace3\env\lib\site-packages\sqlalchemy\orm\session.py", line 1670, in execute
    result = conn._execute_20(statement, params or {}, execution_options)
  File "c:\spt\workspace3\env\lib\site-packages\sqlalchemy\engine\base.py", line 1521, in _execute_20
    return meth(self, args_10style, kwargs_10style, execution_options)
  File "c:\spt\workspace3\env\lib\site-packages\sqlalchemy\sql\elements.py", line 313, in _execute_on_connection
    return connection._execute_clauseelement(
  File "c:\spt\workspace3\env\lib\site-packages\sqlalchemy\engine\base.py", line 1390, in _execute_clauseelement
    ret = self._execute_context(
  File "c:\spt\workspace3\env\lib\site-packages\sqlalchemy\engine\base.py", line 1749, in _execute_context
    self._handle_dbapi_exception(
  File "c:\spt\workspace3\env\lib\site-packages\sqlalchemy\engine\base.py", line 1930, in _handle_dbapi_exception
    util.raise_(
  File "c:\spt\workspace3\env\lib\site-packages\sqlalchemy\util\compat.py", line 211, in raise_
    raise exception
  File "c:\spt\workspace3\env\lib\site-packages\sqlalchemy\engine\base.py", line 1706, in _execute_context
    self.dialect.do_execute(
  File "c:\spt\workspace3\env\lib\site-packages\sqlalchemy\engine\default.py", line 716, in do_execute
    cursor.execute(statement, parameters)
  File "c:\spt\workspace3\env\lib\site-packages\MySQLdb\cursors.py", line 206, in execute
    res = self._query(query)
  File "c:\spt\workspace3\env\lib\site-packages\MySQLdb\cursors.py", line 319, in _query
    db.query(q)
  File "c:\spt\workspace3\env\lib\site-packages\MySQLdb\connections.py", line 259, in query
    _mysql.connection.query(self, query)
sqlalchemy.exc.OperationalError: (MySQLdb._exceptions.OperationalError) (2013, 'Lost connection to MySQL server during query')
[SQL: SELECT reservation.id AS reservation_id, reservation.name AS reservation_name, reservation.email AS reservation_email, reservation.datetime AS reservation_datetime, reservation.size AS reservation_size 
FROM reservation]
(Background on this error at: http://sqlalche.me/e/14/e3q8)

During handling of the above exception, another exception occurred:

Traceback (most recent call last):
  File "C:\spt\workspace3\flask_booking\src\logging\log.py", line 47, in inner
    ret = method(*args, **kwargs)
  File "C:\spt\workspace3\flask_booking\src\data\reservation.py", line 134, in read_all
    raise DatabaseError("Database error")
flask_booking.src.exceptions.database_error.DatabaseError: Database error

During handling of the above exception, another exception occurred:

Traceback (most recent call last):
  File "C:\spt\workspace3\flask_booking\src\logging\log.py", line 47, in inner
    ret = method(*args, **kwargs)
  File "C:\spt\workspace3\flask_booking\src\business\reservation.py", line 132, in retrieve_all
    reservations = self.dao.read_all()
  File "C:\spt\workspace3\flask_booking\src\logging\log.py", line 59, in inner
    raise ServerError("Internal Error")
flask_booking.src.exceptions.server_error.ServerError: Internal Error

2021-05-05 14:55:50,195 ERROR root Thread-4 : Exiting ReservationRestService.handle_get() with exception: Traceback (most recent call last):
  File "c:\spt\workspace3\env\lib\site-packages\sqlalchemy\engine\base.py", line 1706, in _execute_context
    self.dialect.do_execute(
  File "c:\spt\workspace3\env\lib\site-packages\sqlalchemy\engine\default.py", line 716, in do_execute
    cursor.execute(statement, parameters)
  File "c:\spt\workspace3\env\lib\site-packages\MySQLdb\cursors.py", line 206, in execute
    res = self._query(query)
  File "c:\spt\workspace3\env\lib\site-packages\MySQLdb\cursors.py", line 319, in _query
    db.query(q)
  File "c:\spt\workspace3\env\lib\site-packages\MySQLdb\connections.py", line 259, in query
    _mysql.connection.query(self, query)
MySQLdb._exceptions.OperationalError: (2013, 'Lost connection to MySQL server during query')

The above exception was the direct cause of the following exception:

Traceback (most recent call last):
  File "C:\spt\workspace3\flask_booking\src\data\reservation.py", line 130, in read_all
    reservations = Reservation.query.all()
  File "c:\spt\workspace3\env\lib\site-packages\sqlalchemy\orm\query.py", line 2699, in all
    return self._iter().all()
  File "c:\spt\workspace3\env\lib\site-packages\sqlalchemy\orm\query.py", line 2834, in _iter
    result = self.session.execute(
  File "c:\spt\workspace3\env\lib\site-packages\sqlalchemy\orm\session.py", line 1670, in execute
    result = conn._execute_20(statement, params or {}, execution_options)
  File "c:\spt\workspace3\env\lib\site-packages\sqlalchemy\engine\base.py", line 1521, in _execute_20
    return meth(self, args_10style, kwargs_10style, execution_options)
  File "c:\spt\workspace3\env\lib\site-packages\sqlalchemy\sql\elements.py", line 313, in _execute_on_connection
    return connection._execute_clauseelement(
  File "c:\spt\workspace3\env\lib\site-packages\sqlalchemy\engine\base.py", line 1390, in _execute_clauseelement
    ret = self._execute_context(
  File "c:\spt\workspace3\env\lib\site-packages\sqlalchemy\engine\base.py", line 1749, in _execute_context
    self._handle_dbapi_exception(
  File "c:\spt\workspace3\env\lib\site-packages\sqlalchemy\engine\base.py", line 1930, in _handle_dbapi_exception
    util.raise_(
  File "c:\spt\workspace3\env\lib\site-packages\sqlalchemy\util\compat.py", line 211, in raise_
    raise exception
  File "c:\spt\workspace3\env\lib\site-packages\sqlalchemy\engine\base.py", line 1706, in _execute_context
    self.dialect.do_execute(
  File "c:\spt\workspace3\env\lib\site-packages\sqlalchemy\engine\default.py", line 716, in do_execute
    cursor.execute(statement, parameters)
  File "c:\spt\workspace3\env\lib\site-packages\MySQLdb\cursors.py", line 206, in execute
    res = self._query(query)
  File "c:\spt\workspace3\env\lib\site-packages\MySQLdb\cursors.py", line 319, in _query
    db.query(q)
  File "c:\spt\workspace3\env\lib\site-packages\MySQLdb\connections.py", line 259, in query
    _mysql.connection.query(self, query)
sqlalchemy.exc.OperationalError: (MySQLdb._exceptions.OperationalError) (2013, 'Lost connection to MySQL server during query')
[SQL: SELECT reservation.id AS reservation_id, reservation.name AS reservation_name, reservation.email AS reservation_email, reservation.datetime AS reservation_datetime, reservation.size AS reservation_size 
FROM reservation]
(Background on this error at: http://sqlalche.me/e/14/e3q8)

During handling of the above exception, another exception occurred:

Traceback (most recent call last):
  File "C:\spt\workspace3\flask_booking\src\logging\log.py", line 47, in inner
    ret = method(*args, **kwargs)
  File "C:\spt\workspace3\flask_booking\src\data\reservation.py", line 134, in read_all
    raise DatabaseError("Database error")
flask_booking.src.exceptions.database_error.DatabaseError: Database error

During handling of the above exception, another exception occurred:

Traceback (most recent call last):
  File "C:\spt\workspace3\flask_booking\src\logging\log.py", line 47, in inner
    ret = method(*args, **kwargs)
  File "C:\spt\workspace3\flask_booking\src\business\reservation.py", line 132, in retrieve_all
    reservations = self.dao.read_all()
  File "C:\spt\workspace3\flask_booking\src\logging\log.py", line 59, in inner
    raise ServerError("Internal Error")
flask_booking.src.exceptions.server_error.ServerError: Internal Error

During handling of the above exception, another exception occurred:

Traceback (most recent call last):
  File "C:\spt\workspace3\flask_booking\src\logging\log.py", line 47, in inner
    ret = method(*args, **kwargs)
  File "C:\spt\workspace3\flask_booking\src\api\reservation.py", line 67, in handle_get
    res_data = self.service.retrieve_all()
  File "C:\spt\workspace3\flask_booking\src\logging\log.py", line 59, in inner
    raise ServerError("Internal Error")
flask_booking.src.exceptions.server_error.ServerError: Internal Error

2021-05-05 14:55:50,198 INFO werkzeug Thread-4 : 127.0.0.1 - - [05/May/2021 14:55:50] "[37mGET /bookings HTTP/1.1[0m" 200 -
2021-05-05 14:56:17,610 INFO root Thread-5 : Entering ReservationRestService.handle_get()
2021-05-05 14:56:17,610 INFO root Thread-5 : Entering ReservationBusinessService.retrieve_all()
2021-05-05 14:56:17,610 INFO root Thread-5 : Entering ReservationDao.read_all()
2021-05-05 14:56:17,822 INFO root Thread-5 : Exiting ReservationDao.read_all() with OK
2021-05-05 14:56:17,823 INFO root Thread-5 : Exiting ReservationBusinessService.retrieve_all() with OK
2021-05-05 14:56:17,823 INFO root Thread-5 : Exiting ReservationRestService.handle_get() with OK
2021-05-05 14:56:17,872 INFO werkzeug Thread-5 : 127.0.0.1 - - [05/May/2021 14:56:17] "[37mGET /bookings HTTP/1.1[0m" 200 -
2021-05-05 15:36:26,598 INFO werkzeug MainThread :  * Running on http://127.0.0.1:5000/ (Press CTRL+C to quit)
2021-05-05 15:36:37,087 INFO root Thread-1 : Entering ReservationRestService.handle_get()
2021-05-05 15:36:37,087 INFO root Thread-1 : Entering ReservationBusinessService.retrieve_all()
2021-05-05 15:36:37,088 INFO root Thread-1 : Entering ReservationDao.read_all()
2021-05-05 15:36:37,506 INFO root Thread-1 : Exiting ReservationDao.read_all() with OK
2021-05-05 15:36:37,506 INFO root Thread-1 : Exiting ReservationBusinessService.retrieve_all() with OK
2021-05-05 15:36:37,507 INFO root Thread-1 : Exiting ReservationRestService.handle_get() with OK
2021-05-05 15:36:37,555 INFO werkzeug Thread-1 : 127.0.0.1 - - [05/May/2021 15:36:37] "[37mGET /bookings HTTP/1.1[0m" 200 -
2021-05-05 15:39:42,726 INFO root Thread-2 : Entering ReservationRestService.handle_reserve()
2021-05-05 15:39:42,726 INFO root Thread-2 : Entering ReservationBusinessService.reserve()
2021-05-05 15:39:42,726 INFO root Thread-2 : Entering ReservationDao.create()
2021-05-05 15:39:42,727 WARNING root Thread-2 : Exiting ReservationDao.create() with None
2021-05-05 15:39:42,837 INFO root Thread-2 : Exiting ReservationBusinessService.reserve() with OK
2021-05-05 15:39:42,838 INFO root Thread-2 : Exiting ReservationRestService.handle_reserve() with OK
2021-05-05 15:39:42,885 INFO werkzeug Thread-2 : 127.0.0.1 - - [05/May/2021 15:39:42] "[37mPOST /bookings/reserve HTTP/1.1[0m" 200 -
2021-05-05 15:39:47,614 INFO root Thread-3 : Entering ReservationRestService.handle_get()
2021-05-05 15:39:47,615 INFO root Thread-3 : Entering ReservationBusinessService.retrieve_all()
2021-05-05 15:39:47,615 INFO root Thread-3 : Entering ReservationDao.read_all()
2021-05-05 15:39:47,643 INFO root Thread-3 : Exiting ReservationDao.read_all() with OK
2021-05-05 15:39:47,644 INFO root Thread-3 : Exiting ReservationBusinessService.retrieve_all() with OK
2021-05-05 15:39:47,644 INFO root Thread-3 : Exiting ReservationRestService.handle_get() with OK
2021-05-05 15:39:47,695 INFO werkzeug Thread-3 : 127.0.0.1 - - [05/May/2021 15:39:47] "[37mGET /bookings HTTP/1.1[0m" 200 -
2021-05-05 15:40:23,968 INFO root Thread-4 : Entering ReservationRestService.handle_edit()
2021-05-05 15:40:23,969 INFO root Thread-4 : Entering ReservationBusinessService.edit()
2021-05-05 15:40:23,969 INFO root Thread-4 : Entering ReservationDao.update()
2021-05-05 15:40:23,998 INFO root Thread-4 : Exiting ReservationDao.update() with OK
2021-05-05 15:40:24,105 INFO root Thread-4 : Exiting ReservationBusinessService.edit() with OK
2021-05-05 15:40:24,105 INFO root Thread-4 : Exiting ReservationRestService.handle_edit() with OK
2021-05-05 15:40:24,160 INFO werkzeug Thread-4 : 127.0.0.1 - - [05/May/2021 15:40:24] "[37mPUT /bookings/edit HTTP/1.1[0m" 200 -
2021-05-05 15:40:28,120 INFO root Thread-5 : Entering ReservationRestService.handle_get()
2021-05-05 15:40:28,120 INFO root Thread-5 : Entering ReservationBusinessService.retrieve_all()
2021-05-05 15:40:28,120 INFO root Thread-5 : Entering ReservationDao.read_all()
2021-05-05 15:40:28,150 INFO root Thread-5 : Exiting ReservationDao.read_all() with OK
2021-05-05 15:40:28,150 INFO root Thread-5 : Exiting ReservationBusinessService.retrieve_all() with OK
2021-05-05 15:40:28,150 INFO root Thread-5 : Exiting ReservationRestService.handle_get() with OK
2021-05-05 15:40:28,202 INFO werkzeug Thread-5 : 127.0.0.1 - - [05/May/2021 15:40:28] "[37mGET /bookings HTTP/1.1[0m" 200 -
2021-05-05 15:40:55,241 INFO root Thread-6 : Entering ReservationRestService.handle_reserve()
2021-05-05 15:40:55,242 INFO root Thread-6 : Entering ReservationBusinessService.reserve()
2021-05-05 15:40:55,243 INFO root Thread-6 : Entering ReservationDao.create()
2021-05-05 15:40:55,244 WARNING root Thread-6 : Exiting ReservationDao.create() with None
2021-05-05 15:40:55,364 INFO root Thread-6 : Exiting ReservationBusinessService.reserve() with OK
2021-05-05 15:40:55,365 INFO root Thread-6 : Exiting ReservationRestService.handle_reserve() with OK
2021-05-05 15:40:55,420 INFO werkzeug Thread-6 : 127.0.0.1 - - [05/May/2021 15:40:55] "[37mPOST /bookings/reserve HTTP/1.1[0m" 200 -
2021-05-05 15:41:00,446 INFO root Thread-7 : Entering ReservationRestService.handle_get()
2021-05-05 15:41:00,446 INFO root Thread-7 : Entering ReservationBusinessService.retrieve_all()
2021-05-05 15:41:00,447 INFO root Thread-7 : Entering ReservationDao.read_all()
2021-05-05 15:41:00,479 INFO root Thread-7 : Exiting ReservationDao.read_all() with OK
2021-05-05 15:41:00,480 INFO root Thread-7 : Exiting ReservationBusinessService.retrieve_all() with OK
2021-05-05 15:41:00,482 INFO root Thread-7 : Exiting ReservationRestService.handle_get() with OK
2021-05-05 15:41:00,536 INFO werkzeug Thread-7 : 127.0.0.1 - - [05/May/2021 15:41:00] "[37mGET /bookings HTTP/1.1[0m" 200 -
2021-05-05 15:41:22,848 INFO root Thread-8 : Entering ReservationRestService.handle_cancel()
2021-05-05 15:41:22,848 INFO root Thread-8 : Entering ReservationBusinessService.cancel()
2021-05-05 15:41:22,848 INFO root Thread-8 : Entering ReservationDao.delete()
2021-05-05 15:41:22,880 WARNING root Thread-8 : Exiting ReservationDao.delete() with DaoResponse.MISSING
2021-05-05 15:41:22,948 WARNING root Thread-8 : Exiting ReservationBusinessService.cancel() with BusinessResponse.NOT_FOUND
2021-05-05 15:41:22,949 WARNING root Thread-8 : Exiting ReservationRestService.handle_cancel() with status code 404
2021-05-05 15:41:22,949 INFO werkzeug Thread-8 : 127.0.0.1 - - [05/May/2021 15:41:22] "[37mDELETE /bookings/cancel?id=243 HTTP/1.1[0m" 200 -
2021-05-05 15:41:27,502 INFO root Thread-9 : Entering ReservationRestService.handle_cancel()
2021-05-05 15:41:27,502 INFO root Thread-9 : Entering ReservationBusinessService.cancel()
2021-05-05 15:41:27,502 INFO root Thread-9 : Entering ReservationDao.delete()
2021-05-05 15:41:27,530 INFO root Thread-9 : Exiting ReservationDao.delete() with OK
2021-05-05 15:41:27,614 INFO root Thread-9 : Exiting ReservationBusinessService.cancel() with OK
2021-05-05 15:41:27,615 INFO root Thread-9 : Exiting ReservationRestService.handle_cancel() with OK
2021-05-05 15:41:27,615 INFO werkzeug Thread-9 : 127.0.0.1 - - [05/May/2021 15:41:27] "[37mDELETE /bookings/cancel?id=28 HTTP/1.1[0m" 200 -
2021-05-05 15:42:22,268 INFO root Thread-10 : Entering ReservationRestService.handle_edit()
2021-05-05 15:42:22,269 INFO root Thread-10 : Entering ReservationBusinessService.edit()
2021-05-05 15:42:22,269 INFO root Thread-10 : Entering ReservationDao.update()
2021-05-05 15:42:22,298 WARNING root Thread-10 : Exiting ReservationDao.update() with None
2021-05-05 15:42:22,352 WARNING root Thread-10 : Exiting ReservationBusinessService.edit() with None
2021-05-05 15:42:22,354 WARNING root Thread-10 : Exiting ReservationRestService.handle_edit() with status code 404
2021-05-05 15:42:22,355 INFO werkzeug Thread-10 : 127.0.0.1 - - [05/May/2021 15:42:22] "[37mPUT /bookings/edit HTTP/1.1[0m" 200 -
2021-05-05 15:42:35,068 INFO root Thread-11 : Entering ReservationRestService.handle_edit()
2021-05-05 15:42:35,069 INFO root Thread-11 : Entering ReservationBusinessService.edit()
2021-05-05 15:42:35,069 INFO root Thread-11 : Entering ReservationDao.update()
2021-05-05 15:42:35,098 INFO root Thread-11 : Exiting ReservationDao.update() with OK
2021-05-05 15:42:35,205 INFO root Thread-11 : Exiting ReservationBusinessService.edit() with OK
2021-05-05 15:42:35,206 INFO root Thread-11 : Exiting ReservationRestService.handle_edit() with OK
2021-05-05 15:42:35,255 INFO werkzeug Thread-11 : 127.0.0.1 - - [05/May/2021 15:42:35] "[37mPUT /bookings/edit HTTP/1.1[0m" 200 -
2021-05-05 15:42:48,025 INFO root Thread-12 : Entering ReservationRestService.handle_get()
2021-05-05 15:42:48,025 INFO root Thread-12 : Entering ReservationBusinessService.retrieve_all()
2021-05-05 15:42:48,025 INFO root Thread-12 : Entering ReservationDao.read_all()
2021-05-05 15:42:48,057 INFO root Thread-12 : Exiting ReservationDao.read_all() with OK
2021-05-05 15:42:48,057 INFO root Thread-12 : Exiting ReservationBusinessService.retrieve_all() with OK
2021-05-05 15:42:48,058 INFO root Thread-12 : Exiting ReservationRestService.handle_get() with OK
2021-05-05 15:42:48,105 INFO werkzeug Thread-12 : 127.0.0.1 - - [05/May/2021 15:42:48] "[37mGET /bookings HTTP/1.1[0m" 200 -
2021-05-05 15:47:11,239 INFO root Thread-13 : Entering ReservationRestService.handle_get()
2021-05-05 15:47:11,239 INFO root Thread-13 : Entering ReservationBusinessService.retrieve_all()
2021-05-05 15:47:11,240 INFO root Thread-13 : Entering ReservationDao.read_all()
2021-05-05 15:47:11,276 INFO root Thread-13 : Exiting ReservationDao.read_all() with OK
2021-05-05 15:47:11,277 INFO root Thread-13 : Exiting ReservationBusinessService.retrieve_all() with OK
2021-05-05 15:47:11,278 INFO root Thread-13 : Exiting ReservationRestService.handle_get() with OK
2021-05-05 15:47:11,328 INFO werkzeug Thread-13 : 127.0.0.1 - - [05/May/2021 15:47:11] "[37mGET /bookings HTTP/1.1[0m" 200 -
2021-05-05 15:47:30,428 INFO root Thread-14 : Entering ReservationRestService.handle_reserve()
2021-05-05 15:47:30,429 INFO root Thread-14 : Entering ReservationBusinessService.reserve()
2021-05-05 15:47:30,429 INFO root Thread-14 : Entering ReservationDao.create()
2021-05-05 15:47:30,429 WARNING root Thread-14 : Exiting ReservationDao.create() with None
2021-05-05 15:47:30,536 INFO root Thread-14 : Exiting ReservationBusinessService.reserve() with OK
2021-05-05 15:47:30,536 INFO root Thread-14 : Exiting ReservationRestService.handle_reserve() with OK
2021-05-05 15:47:30,584 INFO werkzeug Thread-14 : 127.0.0.1 - - [05/May/2021 15:47:30] "[37mPOST /bookings/reserve HTTP/1.1[0m" 200 -
2021-05-05 15:47:35,571 INFO root Thread-15 : Entering ReservationRestService.handle_get()
2021-05-05 15:47:35,571 INFO root Thread-15 : Entering ReservationBusinessService.retrieve_all()
2021-05-05 15:47:35,572 INFO root Thread-15 : Entering ReservationDao.read_all()
2021-05-05 15:47:35,606 INFO root Thread-15 : Exiting ReservationDao.read_all() with OK
2021-05-05 15:47:35,607 INFO root Thread-15 : Exiting ReservationBusinessService.retrieve_all() with OK
2021-05-05 15:47:35,609 INFO root Thread-15 : Exiting ReservationRestService.handle_get() with OK
2021-05-05 15:47:35,660 INFO werkzeug Thread-15 : 127.0.0.1 - - [05/May/2021 15:47:35] "[37mGET /bookings HTTP/1.1[0m" 200 -
2021-05-06 10:34:17,625 INFO werkzeug MainThread :  * Running on http://127.0.0.1:5000/ (Press CTRL+C to quit)
2021-05-06 15:59:04,411 INFO werkzeug MainThread :  * Running on http://127.0.0.1:5000/ (Press CTRL+C to quit)
2021-05-06 16:01:56,644 INFO root Thread-1 : Entering ReservationRestService.handle_get()
2021-05-06 16:01:56,644 INFO root Thread-1 : Entering ReservationBusinessService.retrieve_all()
2021-05-06 16:01:56,644 INFO root Thread-1 : Entering ReservationDao.read_all()
2021-05-06 16:02:07,646 INFO root Thread-1 : Exiting ReservationDao.read_all() with OK
2021-05-06 16:02:07,647 INFO root Thread-1 : Exiting ReservationBusinessService.retrieve_all() with OK
2021-05-06 16:02:07,647 INFO root Thread-1 : Exiting ReservationRestService.handle_get() with OK
2021-05-06 16:02:07,898 INFO werkzeug Thread-1 : 127.0.0.1 - - [06/May/2021 16:02:07] "[37mGET /bookings HTTP/1.1[0m" 200 -
2021-05-06 16:03:48,834 INFO werkzeug MainThread :  * Running on http://127.0.0.1:5000/ (Press CTRL+C to quit)
2021-05-06 16:04:03,265 INFO root Thread-1 : Entering ReservationRestService.handle_get()
2021-05-06 16:04:03,265 INFO root Thread-1 : Entering ReservationBusinessService.retrieve_all()
2021-05-06 16:04:03,266 INFO root Thread-1 : Entering ReservationDao.read_all()
2021-05-06 16:04:03,683 INFO root Thread-1 : Exiting ReservationDao.read_all() with OK
2021-05-06 16:04:03,683 INFO root Thread-1 : Exiting ReservationBusinessService.retrieve_all() with OK
2021-05-06 16:04:03,683 INFO root Thread-1 : Exiting ReservationRestService.handle_get() with OK
2021-05-06 16:04:03,735 INFO werkzeug Thread-1 : 127.0.0.1 - - [06/May/2021 16:04:03] "[37mGET /bookings HTTP/1.1[0m" 200 -
2021-05-06 16:09:26,636 INFO werkzeug MainThread :  * Running on http://127.0.0.1:5000/ (Press CTRL+C to quit)
2021-05-06 16:09:40,716 INFO root Thread-1 : Entering ReservationRestService.handle_get()
2021-05-06 16:09:40,716 INFO root Thread-1 : Entering ReservationBusinessService.retrieve_all()
2021-05-06 16:09:40,716 INFO root Thread-1 : Entering ReservationDao.read_all()
2021-05-06 16:09:46,983 INFO root Thread-1 : Exiting ReservationDao.read_all() with OK
2021-05-06 16:09:46,983 INFO root Thread-1 : Exiting ReservationBusinessService.retrieve_all() with OK
2021-05-06 16:09:46,984 INFO root Thread-1 : Exiting ReservationRestService.handle_get() with OK
2021-05-06 16:09:47,352 INFO werkzeug Thread-1 : 127.0.0.1 - - [06/May/2021 16:09:47] "[37mGET /bookings HTTP/1.1[0m" 200 -
2021-05-06 16:40:02,664 INFO werkzeug MainThread :  * Running on http://127.0.0.1:5000/ (Press CTRL+C to quit)
2021-05-06 18:30:49,621 INFO werkzeug MainThread :  * Running on http://127.0.0.1:5000/ (Press CTRL+C to quit)
2021-05-06 18:30:59,880 INFO root Thread-1 : Entering ReservationRestService.handle_get()
2021-05-06 18:30:59,880 INFO root Thread-1 : Entering ReservationBusinessService.retrieve_all()
2021-05-06 18:30:59,880 INFO root Thread-1 : Entering ReservationDao.read_all()
2021-05-06 18:31:00,740 INFO root Thread-1 : Exiting ReservationDao.read_all() with OK
2021-05-06 18:31:00,740 INFO root Thread-1 : Exiting ReservationBusinessService.retrieve_all() with OK
2021-05-06 18:31:00,741 INFO root Thread-1 : Exiting ReservationRestService.handle_get() with OK
2021-05-06 18:31:00,792 INFO werkzeug Thread-1 : 127.0.0.1 - - [06/May/2021 18:31:00] "[37mGET /bookings HTTP/1.1[0m" 200 -
2021-05-06 18:31:59,559 INFO werkzeug MainThread :  * Running on http://127.0.0.1:5000/ (Press CTRL+C to quit)
2021-05-07 14:31:31,359 INFO werkzeug MainThread :  * Running on http://127.0.0.1:5000/ (Press CTRL+C to quit)
2021-05-07 17:34:27,075 INFO werkzeug MainThread :  * Running on http://127.0.0.1:5000/ (Press CTRL+C to quit)
2021-05-07 17:34:36,996 INFO root Thread-1 : Entering ReservationRestService.handle_get()
2021-05-07 17:34:36,996 INFO root Thread-1 : Entering ReservationBusinessService.retrieve_all()
2021-05-07 17:34:36,996 INFO root Thread-1 : Entering ReservationDao.read_all()
2021-05-07 17:34:37,849 INFO root Thread-1 : Exiting ReservationDao.read_all() with OK
2021-05-07 17:34:37,850 INFO root Thread-1 : Exiting ReservationBusinessService.retrieve_all() with OK
2021-05-07 17:34:37,851 INFO root Thread-1 : Exiting ReservationRestService.handle_get() with OK
2021-05-07 17:34:37,906 INFO werkzeug Thread-1 : 127.0.0.1 - - [07/May/2021 17:34:37] "[37mGET /bookings HTTP/1.1[0m" 200 -
2021-05-10 15:05:27,799 INFO werkzeug MainThread :  * Running on http://127.0.0.1:5000/ (Press CTRL+C to quit)
2021-05-10 15:05:34,159 INFO root Thread-1 : Entering ReservationRestService.handle_get()
2021-05-10 15:05:34,159 INFO root Thread-1 : Entering ReservationBusinessService.retrieve_all()
2021-05-10 15:05:34,160 INFO root Thread-1 : Entering ReservationDao.read_all()
2021-05-10 15:05:35,217 INFO root Thread-1 : Exiting ReservationDao.read_all() with OK
2021-05-10 15:05:35,217 INFO root Thread-1 : Exiting ReservationBusinessService.retrieve_all() with OK
2021-05-10 15:05:35,217 INFO root Thread-1 : Exiting ReservationRestService.handle_get() with OK
2021-05-10 15:05:35,271 INFO werkzeug Thread-1 : 127.0.0.1 - - [10/May/2021 15:05:35] "[37mGET /bookings HTTP/1.1[0m" 200 -
2021-05-11 19:53:55,472 INFO root MainThread : Entering ReservationRestService.handle_get()
2021-05-11 19:53:55,779 INFO root MainThread : Entering ReservationBusinessService.retrieve_all()
2021-05-11 19:53:55,780 INFO root MainThread : Entering ReservationDao.read_all()
2021-05-11 19:53:56,527 INFO root MainThread : Exiting ReservationDao.read_all() with OK
2021-05-11 19:53:56,528 INFO root MainThread : Exiting ReservationBusinessService.retrieve_all() with OK
2021-05-11 19:53:56,529 INFO root MainThread : Exiting ReservationRestService.handle_get() with OK
2021-05-11 19:59:47,732 INFO root MainThread : Entering ReservationRestService.handle_get()
2021-05-11 19:59:47,733 INFO root MainThread : Entering ReservationBusinessService.retrieve_all()
2021-05-11 19:59:47,734 INFO root MainThread : Entering ReservationDao.read_all()
2021-05-11 19:59:48,208 INFO root MainThread : Exiting ReservationDao.read_all() with OK
2021-05-11 19:59:48,209 INFO root MainThread : Exiting ReservationBusinessService.retrieve_all() with OK
2021-05-11 19:59:48,210 INFO root MainThread : Exiting ReservationRestService.handle_get() with OK
2021-05-11 20:15:00,358 INFO root MainThread : Entering ReservationRestService.handle_get()
2021-05-11 20:15:00,359 INFO root MainThread : Entering ReservationBusinessService.retrieve_all()
2021-05-11 20:15:00,359 INFO root MainThread : Entering ReservationDao.read_all()
2021-05-11 20:15:00,872 INFO root MainThread : Exiting ReservationDao.read_all() with OK
2021-05-11 20:15:00,872 INFO root MainThread : Exiting ReservationBusinessService.retrieve_all() with OK
2021-05-11 20:15:00,873 INFO root MainThread : Exiting ReservationRestService.handle_get() with OK
2021-05-11 20:16:14,628 INFO root MainThread : Entering ReservationRestService.handle_get()
2021-05-11 20:16:14,630 INFO root MainThread : Entering ReservationBusinessService.retrieve_all()
2021-05-11 20:16:14,630 INFO root MainThread : Entering ReservationDao.read_all()
2021-05-11 20:16:15,084 INFO root MainThread : Exiting ReservationDao.read_all() with OK
2021-05-11 20:16:15,085 INFO root MainThread : Exiting ReservationBusinessService.retrieve_all() with OK
2021-05-11 20:16:15,086 INFO root MainThread : Exiting ReservationRestService.handle_get() with OK
2021-05-11 20:34:03,001 INFO root MainThread : Entering ReservationRestService.handle_get()
2021-05-11 20:34:03,001 INFO root MainThread : Entering ReservationBusinessService.retrieve_all()
2021-05-11 20:34:03,002 INFO root MainThread : Entering ReservationDao.read_all()
2021-05-11 20:34:05,026 INFO root MainThread : Exiting ReservationDao.read_all() with OK
2021-05-11 20:34:05,026 INFO root MainThread : Exiting ReservationBusinessService.retrieve_all() with OK
2021-05-11 20:34:05,028 INFO root MainThread : Exiting ReservationRestService.handle_get() with OK
2021-05-11 20:34:39,707 INFO root MainThread : Entering ReservationRestService.handle_reserve()
2021-05-11 20:34:39,711 INFO root MainThread : Entering ReservationBusinessService.reserve()
2021-05-11 20:34:39,713 INFO root MainThread : Entering ReservationDao.create()
2021-05-11 20:34:39,715 WARNING root MainThread : Exiting ReservationDao.create() with None
2021-05-11 20:34:39,849 INFO root MainThread : Exiting ReservationBusinessService.reserve() with OK
2021-05-11 20:34:39,852 INFO root MainThread : Exiting ReservationRestService.handle_reserve() with OK
2021-05-11 20:34:45,770 INFO root MainThread : Entering ReservationRestService.handle_get()
2021-05-11 20:34:45,771 INFO root MainThread : Entering ReservationBusinessService.retrieve_all()
2021-05-11 20:34:45,771 INFO root MainThread : Entering ReservationDao.read_all()
2021-05-11 20:34:46,235 INFO root MainThread : Exiting ReservationDao.read_all() with OK
2021-05-11 20:34:46,236 INFO root MainThread : Exiting ReservationBusinessService.retrieve_all() with OK
2021-05-11 20:34:46,237 INFO root MainThread : Exiting ReservationRestService.handle_get() with OK
2021-05-11 20:40:23,346 INFO root MainThread : Entering ReservationRestService.handle_edit()
2021-05-11 20:40:23,407 INFO root MainThread : Entering ReservationBusinessService.edit()
2021-05-11 20:40:23,407 INFO root MainThread : Entering ReservationDao.update()
2021-05-11 20:40:23,548 ERROR root MainThread : Exiting ReservationDao.update() with exception: Traceback (most recent call last):
  File "/usr/local/lib/python3.9/site-packages/sqlalchemy/engine/base.py", line 1706, in _execute_context
    self.dialect.do_execute(
  File "/usr/local/lib/python3.9/site-packages/sqlalchemy/engine/default.py", line 716, in do_execute
    cursor.execute(statement, parameters)
  File "/usr/local/lib/python3.9/site-packages/MySQLdb/cursors.py", line 206, in execute
    res = self._query(query)
  File "/usr/local/lib/python3.9/site-packages/MySQLdb/cursors.py", line 319, in _query
    db.query(q)
  File "/usr/local/lib/python3.9/site-packages/MySQLdb/connections.py", line 259, in query
    _mysql.connection.query(self, query)
MySQLdb._exceptions.OperationalError: (2006, 'MySQL server has gone away')

The above exception was the direct cause of the following exception:

Traceback (most recent call last):
  File "/app/src/data/reservation.py", line 159, in update
    record = Reservation.query.filter(Reservation.id == reservation.id).first()
  File "/usr/local/lib/python3.9/site-packages/sqlalchemy/orm/query.py", line 2750, in first
    return self.limit(1)._iter().first()
  File "/usr/local/lib/python3.9/site-packages/sqlalchemy/orm/query.py", line 2834, in _iter
    result = self.session.execute(
  File "/usr/local/lib/python3.9/site-packages/sqlalchemy/orm/session.py", line 1670, in execute
    result = conn._execute_20(statement, params or {}, execution_options)
  File "/usr/local/lib/python3.9/site-packages/sqlalchemy/engine/base.py", line 1521, in _execute_20
    return meth(self, args_10style, kwargs_10style, execution_options)
  File "/usr/local/lib/python3.9/site-packages/sqlalchemy/sql/elements.py", line 313, in _execute_on_connection
    return connection._execute_clauseelement(
  File "/usr/local/lib/python3.9/site-packages/sqlalchemy/engine/base.py", line 1390, in _execute_clauseelement
    ret = self._execute_context(
  File "/usr/local/lib/python3.9/site-packages/sqlalchemy/engine/base.py", line 1749, in _execute_context
    self._handle_dbapi_exception(
  File "/usr/local/lib/python3.9/site-packages/sqlalchemy/engine/base.py", line 1930, in _handle_dbapi_exception
    util.raise_(
  File "/usr/local/lib/python3.9/site-packages/sqlalchemy/util/compat.py", line 211, in raise_
    raise exception
  File "/usr/local/lib/python3.9/site-packages/sqlalchemy/engine/base.py", line 1706, in _execute_context
    self.dialect.do_execute(
  File "/usr/local/lib/python3.9/site-packages/sqlalchemy/engine/default.py", line 716, in do_execute
    cursor.execute(statement, parameters)
  File "/usr/local/lib/python3.9/site-packages/MySQLdb/cursors.py", line 206, in execute
    res = self._query(query)
  File "/usr/local/lib/python3.9/site-packages/MySQLdb/cursors.py", line 319, in _query
    db.query(q)
  File "/usr/local/lib/python3.9/site-packages/MySQLdb/connections.py", line 259, in query
    _mysql.connection.query(self, query)
sqlalchemy.exc.OperationalError: (MySQLdb._exceptions.OperationalError) (2006, 'MySQL server has gone away')
[SQL: SELECT reservation.id AS reservation_id, reservation.name AS reservation_name, reservation.email AS reservation_email, reservation.datetime AS reservation_datetime, reservation.size AS reservation_size 
FROM reservation 
WHERE reservation.id = %s 
 LIMIT %s]
[parameters: (35, 1)]
(Background on this error at: http://sqlalche.me/e/14/e3q8)

During handling of the above exception, another exception occurred:

Traceback (most recent call last):
  File "/app/src/logging/log.py", line 47, in inner
    ret = method(*args, **kwargs)
  File "/app/src/data/reservation.py", line 174, in update
    raise DatabaseError("Database error")
src.exceptions.database_error.DatabaseError: Database error

2021-05-11 20:40:23,582 ERROR root MainThread : Exiting ReservationBusinessService.edit() with exception: Traceback (most recent call last):
  File "/usr/local/lib/python3.9/site-packages/sqlalchemy/engine/base.py", line 1706, in _execute_context
    self.dialect.do_execute(
  File "/usr/local/lib/python3.9/site-packages/sqlalchemy/engine/default.py", line 716, in do_execute
    cursor.execute(statement, parameters)
  File "/usr/local/lib/python3.9/site-packages/MySQLdb/cursors.py", line 206, in execute
    res = self._query(query)
  File "/usr/local/lib/python3.9/site-packages/MySQLdb/cursors.py", line 319, in _query
    db.query(q)
  File "/usr/local/lib/python3.9/site-packages/MySQLdb/connections.py", line 259, in query
    _mysql.connection.query(self, query)
MySQLdb._exceptions.OperationalError: (2006, 'MySQL server has gone away')

The above exception was the direct cause of the following exception:

Traceback (most recent call last):
  File "/app/src/data/reservation.py", line 159, in update
    record = Reservation.query.filter(Reservation.id == reservation.id).first()
  File "/usr/local/lib/python3.9/site-packages/sqlalchemy/orm/query.py", line 2750, in first
    return self.limit(1)._iter().first()
  File "/usr/local/lib/python3.9/site-packages/sqlalchemy/orm/query.py", line 2834, in _iter
    result = self.session.execute(
  File "/usr/local/lib/python3.9/site-packages/sqlalchemy/orm/session.py", line 1670, in execute
    result = conn._execute_20(statement, params or {}, execution_options)
  File "/usr/local/lib/python3.9/site-packages/sqlalchemy/engine/base.py", line 1521, in _execute_20
    return meth(self, args_10style, kwargs_10style, execution_options)
  File "/usr/local/lib/python3.9/site-packages/sqlalchemy/sql/elements.py", line 313, in _execute_on_connection
    return connection._execute_clauseelement(
  File "/usr/local/lib/python3.9/site-packages/sqlalchemy/engine/base.py", line 1390, in _execute_clauseelement
    ret = self._execute_context(
  File "/usr/local/lib/python3.9/site-packages/sqlalchemy/engine/base.py", line 1749, in _execute_context
    self._handle_dbapi_exception(
  File "/usr/local/lib/python3.9/site-packages/sqlalchemy/engine/base.py", line 1930, in _handle_dbapi_exception
    util.raise_(
  File "/usr/local/lib/python3.9/site-packages/sqlalchemy/util/compat.py", line 211, in raise_
    raise exception
  File "/usr/local/lib/python3.9/site-packages/sqlalchemy/engine/base.py", line 1706, in _execute_context
    self.dialect.do_execute(
  File "/usr/local/lib/python3.9/site-packages/sqlalchemy/engine/default.py", line 716, in do_execute
    cursor.execute(statement, parameters)
  File "/usr/local/lib/python3.9/site-packages/MySQLdb/cursors.py", line 206, in execute
    res = self._query(query)
  File "/usr/local/lib/python3.9/site-packages/MySQLdb/cursors.py", line 319, in _query
    db.query(q)
  File "/usr/local/lib/python3.9/site-packages/MySQLdb/connections.py", line 259, in query
    _mysql.connection.query(self, query)
sqlalchemy.exc.OperationalError: (MySQLdb._exceptions.OperationalError) (2006, 'MySQL server has gone away')
[SQL: SELECT reservation.id AS reservation_id, reservation.name AS reservation_name, reservation.email AS reservation_email, reservation.datetime AS reservation_datetime, reservation.size AS reservation_size 
FROM reservation 
WHERE reservation.id = %s 
 LIMIT %s]
[parameters: (35, 1)]
(Background on this error at: http://sqlalche.me/e/14/e3q8)

During handling of the above exception, another exception occurred:

Traceback (most recent call last):
  File "/app/src/logging/log.py", line 47, in inner
    ret = method(*args, **kwargs)
  File "/app/src/data/reservation.py", line 174, in update
    raise DatabaseError("Database error")
src.exceptions.database_error.DatabaseError: Database error

During handling of the above exception, another exception occurred:

Traceback (most recent call last):
  File "/app/src/logging/log.py", line 47, in inner
    ret = method(*args, **kwargs)
  File "/app/src/business/reservation.py", line 155, in edit
    data = self.dao.update(reservation)
  File "/app/src/logging/log.py", line 59, in inner
    raise ServerError("Internal Error")
src.exceptions.server_error.ServerError: Internal Error

2021-05-11 20:40:23,632 ERROR root MainThread : Exiting ReservationRestService.handle_edit() with exception: Traceback (most recent call last):
  File "/usr/local/lib/python3.9/site-packages/sqlalchemy/engine/base.py", line 1706, in _execute_context
    self.dialect.do_execute(
  File "/usr/local/lib/python3.9/site-packages/sqlalchemy/engine/default.py", line 716, in do_execute
    cursor.execute(statement, parameters)
  File "/usr/local/lib/python3.9/site-packages/MySQLdb/cursors.py", line 206, in execute
    res = self._query(query)
  File "/usr/local/lib/python3.9/site-packages/MySQLdb/cursors.py", line 319, in _query
    db.query(q)
  File "/usr/local/lib/python3.9/site-packages/MySQLdb/connections.py", line 259, in query
    _mysql.connection.query(self, query)
MySQLdb._exceptions.OperationalError: (2006, 'MySQL server has gone away')

The above exception was the direct cause of the following exception:

Traceback (most recent call last):
  File "/app/src/data/reservation.py", line 159, in update
    record = Reservation.query.filter(Reservation.id == reservation.id).first()
  File "/usr/local/lib/python3.9/site-packages/sqlalchemy/orm/query.py", line 2750, in first
    return self.limit(1)._iter().first()
  File "/usr/local/lib/python3.9/site-packages/sqlalchemy/orm/query.py", line 2834, in _iter
    result = self.session.execute(
  File "/usr/local/lib/python3.9/site-packages/sqlalchemy/orm/session.py", line 1670, in execute
    result = conn._execute_20(statement, params or {}, execution_options)
  File "/usr/local/lib/python3.9/site-packages/sqlalchemy/engine/base.py", line 1521, in _execute_20
    return meth(self, args_10style, kwargs_10style, execution_options)
  File "/usr/local/lib/python3.9/site-packages/sqlalchemy/sql/elements.py", line 313, in _execute_on_connection
    return connection._execute_clauseelement(
  File "/usr/local/lib/python3.9/site-packages/sqlalchemy/engine/base.py", line 1390, in _execute_clauseelement
    ret = self._execute_context(
  File "/usr/local/lib/python3.9/site-packages/sqlalchemy/engine/base.py", line 1749, in _execute_context
    self._handle_dbapi_exception(
  File "/usr/local/lib/python3.9/site-packages/sqlalchemy/engine/base.py", line 1930, in _handle_dbapi_exception
    util.raise_(
  File "/usr/local/lib/python3.9/site-packages/sqlalchemy/util/compat.py", line 211, in raise_
    raise exception
  File "/usr/local/lib/python3.9/site-packages/sqlalchemy/engine/base.py", line 1706, in _execute_context
    self.dialect.do_execute(
  File "/usr/local/lib/python3.9/site-packages/sqlalchemy/engine/default.py", line 716, in do_execute
    cursor.execute(statement, parameters)
  File "/usr/local/lib/python3.9/site-packages/MySQLdb/cursors.py", line 206, in execute
    res = self._query(query)
  File "/usr/local/lib/python3.9/site-packages/MySQLdb/cursors.py", line 319, in _query
    db.query(q)
  File "/usr/local/lib/python3.9/site-packages/MySQLdb/connections.py", line 259, in query
    _mysql.connection.query(self, query)
sqlalchemy.exc.OperationalError: (MySQLdb._exceptions.OperationalError) (2006, 'MySQL server has gone away')
[SQL: SELECT reservation.id AS reservation_id, reservation.name AS reservation_name, reservation.email AS reservation_email, reservation.datetime AS reservation_datetime, reservation.size AS reservation_size 
FROM reservation 
WHERE reservation.id = %s 
 LIMIT %s]
[parameters: (35, 1)]
(Background on this error at: http://sqlalche.me/e/14/e3q8)

During handling of the above exception, another exception occurred:

Traceback (most recent call last):
  File "/app/src/logging/log.py", line 47, in inner
    ret = method(*args, **kwargs)
  File "/app/src/data/reservation.py", line 174, in update
    raise DatabaseError("Database error")
src.exceptions.database_error.DatabaseError: Database error

During handling of the above exception, another exception occurred:

Traceback (most recent call last):
  File "/app/src/logging/log.py", line 47, in inner
    ret = method(*args, **kwargs)
  File "/app/src/business/reservation.py", line 155, in edit
    data = self.dao.update(reservation)
  File "/app/src/logging/log.py", line 59, in inner
    raise ServerError("Internal Error")
src.exceptions.server_error.ServerError: Internal Error

During handling of the above exception, another exception occurred:

Traceback (most recent call last):
  File "/app/src/logging/log.py", line 47, in inner
    ret = method(*args, **kwargs)
  File "/app/src/api/reservation.py", line 94, in handle_edit
    res_data = self.service.edit(reservation)
  File "/app/src/logging/log.py", line 59, in inner
    raise ServerError("Internal Error")
src.exceptions.server_error.ServerError: Internal Error

2021-05-11 20:40:40,675 INFO root MainThread : Entering ReservationRestService.handle_edit()
2021-05-11 20:40:40,676 INFO root MainThread : Entering ReservationBusinessService.edit()
2021-05-11 20:40:40,677 INFO root MainThread : Entering ReservationDao.update()
2021-05-11 20:40:40,930 INFO root MainThread : Exiting ReservationDao.update() with OK
2021-05-11 20:40:41,066 INFO root MainThread : Exiting ReservationBusinessService.edit() with OK
2021-05-11 20:40:41,067 INFO root MainThread : Exiting ReservationRestService.handle_edit() with OK
2021-05-11 20:40:49,334 INFO root MainThread : Entering ReservationRestService.handle_get()
2021-05-11 20:40:49,335 INFO root MainThread : Entering ReservationBusinessService.retrieve_all()
2021-05-11 20:40:49,335 INFO root MainThread : Entering ReservationDao.read_all()
2021-05-11 20:40:49,353 ERROR root MainThread : Exiting ReservationDao.read_all() with exception: Traceback (most recent call last):
  File "/usr/local/lib/python3.9/site-packages/sqlalchemy/engine/base.py", line 1706, in _execute_context
    self.dialect.do_execute(
  File "/usr/local/lib/python3.9/site-packages/sqlalchemy/engine/default.py", line 716, in do_execute
    cursor.execute(statement, parameters)
  File "/usr/local/lib/python3.9/site-packages/MySQLdb/cursors.py", line 206, in execute
    res = self._query(query)
  File "/usr/local/lib/python3.9/site-packages/MySQLdb/cursors.py", line 319, in _query
    db.query(q)
  File "/usr/local/lib/python3.9/site-packages/MySQLdb/connections.py", line 259, in query
    _mysql.connection.query(self, query)
MySQLdb._exceptions.OperationalError: (2006, 'MySQL server has gone away')

The above exception was the direct cause of the following exception:

Traceback (most recent call last):
  File "/app/src/data/reservation.py", line 130, in read_all
    reservations = Reservation.query.all()
  File "/usr/local/lib/python3.9/site-packages/sqlalchemy/orm/query.py", line 2699, in all
    return self._iter().all()
  File "/usr/local/lib/python3.9/site-packages/sqlalchemy/orm/query.py", line 2834, in _iter
    result = self.session.execute(
  File "/usr/local/lib/python3.9/site-packages/sqlalchemy/orm/session.py", line 1670, in execute
    result = conn._execute_20(statement, params or {}, execution_options)
  File "/usr/local/lib/python3.9/site-packages/sqlalchemy/engine/base.py", line 1521, in _execute_20
    return meth(self, args_10style, kwargs_10style, execution_options)
  File "/usr/local/lib/python3.9/site-packages/sqlalchemy/sql/elements.py", line 313, in _execute_on_connection
    return connection._execute_clauseelement(
  File "/usr/local/lib/python3.9/site-packages/sqlalchemy/engine/base.py", line 1390, in _execute_clauseelement
    ret = self._execute_context(
  File "/usr/local/lib/python3.9/site-packages/sqlalchemy/engine/base.py", line 1749, in _execute_context
    self._handle_dbapi_exception(
  File "/usr/local/lib/python3.9/site-packages/sqlalchemy/engine/base.py", line 1930, in _handle_dbapi_exception
    util.raise_(
  File "/usr/local/lib/python3.9/site-packages/sqlalchemy/util/compat.py", line 211, in raise_
    raise exception
  File "/usr/local/lib/python3.9/site-packages/sqlalchemy/engine/base.py", line 1706, in _execute_context
    self.dialect.do_execute(
  File "/usr/local/lib/python3.9/site-packages/sqlalchemy/engine/default.py", line 716, in do_execute
    cursor.execute(statement, parameters)
  File "/usr/local/lib/python3.9/site-packages/MySQLdb/cursors.py", line 206, in execute
    res = self._query(query)
  File "/usr/local/lib/python3.9/site-packages/MySQLdb/cursors.py", line 319, in _query
    db.query(q)
  File "/usr/local/lib/python3.9/site-packages/MySQLdb/connections.py", line 259, in query
    _mysql.connection.query(self, query)
sqlalchemy.exc.OperationalError: (MySQLdb._exceptions.OperationalError) (2006, 'MySQL server has gone away')
[SQL: SELECT reservation.id AS reservation_id, reservation.name AS reservation_name, reservation.email AS reservation_email, reservation.datetime AS reservation_datetime, reservation.size AS reservation_size 
FROM reservation]
(Background on this error at: http://sqlalche.me/e/14/e3q8)

During handling of the above exception, another exception occurred:

Traceback (most recent call last):
  File "/app/src/logging/log.py", line 47, in inner
    ret = method(*args, **kwargs)
  File "/app/src/data/reservation.py", line 134, in read_all
    raise DatabaseError("Database error")
src.exceptions.database_error.DatabaseError: Database error

2021-05-11 20:40:49,367 ERROR root MainThread : Exiting ReservationBusinessService.retrieve_all() with exception: Traceback (most recent call last):
  File "/usr/local/lib/python3.9/site-packages/sqlalchemy/engine/base.py", line 1706, in _execute_context
    self.dialect.do_execute(
  File "/usr/local/lib/python3.9/site-packages/sqlalchemy/engine/default.py", line 716, in do_execute
    cursor.execute(statement, parameters)
  File "/usr/local/lib/python3.9/site-packages/MySQLdb/cursors.py", line 206, in execute
    res = self._query(query)
  File "/usr/local/lib/python3.9/site-packages/MySQLdb/cursors.py", line 319, in _query
    db.query(q)
  File "/usr/local/lib/python3.9/site-packages/MySQLdb/connections.py", line 259, in query
    _mysql.connection.query(self, query)
MySQLdb._exceptions.OperationalError: (2006, 'MySQL server has gone away')

The above exception was the direct cause of the following exception:

Traceback (most recent call last):
  File "/app/src/data/reservation.py", line 130, in read_all
    reservations = Reservation.query.all()
  File "/usr/local/lib/python3.9/site-packages/sqlalchemy/orm/query.py", line 2699, in all
    return self._iter().all()
  File "/usr/local/lib/python3.9/site-packages/sqlalchemy/orm/query.py", line 2834, in _iter
    result = self.session.execute(
  File "/usr/local/lib/python3.9/site-packages/sqlalchemy/orm/session.py", line 1670, in execute
    result = conn._execute_20(statement, params or {}, execution_options)
  File "/usr/local/lib/python3.9/site-packages/sqlalchemy/engine/base.py", line 1521, in _execute_20
    return meth(self, args_10style, kwargs_10style, execution_options)
  File "/usr/local/lib/python3.9/site-packages/sqlalchemy/sql/elements.py", line 313, in _execute_on_connection
    return connection._execute_clauseelement(
  File "/usr/local/lib/python3.9/site-packages/sqlalchemy/engine/base.py", line 1390, in _execute_clauseelement
    ret = self._execute_context(
  File "/usr/local/lib/python3.9/site-packages/sqlalchemy/engine/base.py", line 1749, in _execute_context
    self._handle_dbapi_exception(
  File "/usr/local/lib/python3.9/site-packages/sqlalchemy/engine/base.py", line 1930, in _handle_dbapi_exception
    util.raise_(
  File "/usr/local/lib/python3.9/site-packages/sqlalchemy/util/compat.py", line 211, in raise_
    raise exception
  File "/usr/local/lib/python3.9/site-packages/sqlalchemy/engine/base.py", line 1706, in _execute_context
    self.dialect.do_execute(
  File "/usr/local/lib/python3.9/site-packages/sqlalchemy/engine/default.py", line 716, in do_execute
    cursor.execute(statement, parameters)
  File "/usr/local/lib/python3.9/site-packages/MySQLdb/cursors.py", line 206, in execute
    res = self._query(query)
  File "/usr/local/lib/python3.9/site-packages/MySQLdb/cursors.py", line 319, in _query
    db.query(q)
  File "/usr/local/lib/python3.9/site-packages/MySQLdb/connections.py", line 259, in query
    _mysql.connection.query(self, query)
sqlalchemy.exc.OperationalError: (MySQLdb._exceptions.OperationalError) (2006, 'MySQL server has gone away')
[SQL: SELECT reservation.id AS reservation_id, reservation.name AS reservation_name, reservation.email AS reservation_email, reservation.datetime AS reservation_datetime, reservation.size AS reservation_size 
FROM reservation]
(Background on this error at: http://sqlalche.me/e/14/e3q8)

During handling of the above exception, another exception occurred:

Traceback (most recent call last):
  File "/app/src/logging/log.py", line 47, in inner
    ret = method(*args, **kwargs)
  File "/app/src/data/reservation.py", line 134, in read_all
    raise DatabaseError("Database error")
src.exceptions.database_error.DatabaseError: Database error

During handling of the above exception, another exception occurred:

Traceback (most recent call last):
  File "/app/src/logging/log.py", line 47, in inner
    ret = method(*args, **kwargs)
  File "/app/src/business/reservation.py", line 132, in retrieve_all
    reservations = self.dao.read_all()
  File "/app/src/logging/log.py", line 59, in inner
    raise ServerError("Internal Error")
src.exceptions.server_error.ServerError: Internal Error

2021-05-11 20:40:49,381 ERROR root MainThread : Exiting ReservationRestService.handle_get() with exception: Traceback (most recent call last):
  File "/usr/local/lib/python3.9/site-packages/sqlalchemy/engine/base.py", line 1706, in _execute_context
    self.dialect.do_execute(
  File "/usr/local/lib/python3.9/site-packages/sqlalchemy/engine/default.py", line 716, in do_execute
    cursor.execute(statement, parameters)
  File "/usr/local/lib/python3.9/site-packages/MySQLdb/cursors.py", line 206, in execute
    res = self._query(query)
  File "/usr/local/lib/python3.9/site-packages/MySQLdb/cursors.py", line 319, in _query
    db.query(q)
  File "/usr/local/lib/python3.9/site-packages/MySQLdb/connections.py", line 259, in query
    _mysql.connection.query(self, query)
MySQLdb._exceptions.OperationalError: (2006, 'MySQL server has gone away')

The above exception was the direct cause of the following exception:

Traceback (most recent call last):
  File "/app/src/data/reservation.py", line 130, in read_all
    reservations = Reservation.query.all()
  File "/usr/local/lib/python3.9/site-packages/sqlalchemy/orm/query.py", line 2699, in all
    return self._iter().all()
  File "/usr/local/lib/python3.9/site-packages/sqlalchemy/orm/query.py", line 2834, in _iter
    result = self.session.execute(
  File "/usr/local/lib/python3.9/site-packages/sqlalchemy/orm/session.py", line 1670, in execute
    result = conn._execute_20(statement, params or {}, execution_options)
  File "/usr/local/lib/python3.9/site-packages/sqlalchemy/engine/base.py", line 1521, in _execute_20
    return meth(self, args_10style, kwargs_10style, execution_options)
  File "/usr/local/lib/python3.9/site-packages/sqlalchemy/sql/elements.py", line 313, in _execute_on_connection
    return connection._execute_clauseelement(
  File "/usr/local/lib/python3.9/site-packages/sqlalchemy/engine/base.py", line 1390, in _execute_clauseelement
    ret = self._execute_context(
  File "/usr/local/lib/python3.9/site-packages/sqlalchemy/engine/base.py", line 1749, in _execute_context
    self._handle_dbapi_exception(
  File "/usr/local/lib/python3.9/site-packages/sqlalchemy/engine/base.py", line 1930, in _handle_dbapi_exception
    util.raise_(
  File "/usr/local/lib/python3.9/site-packages/sqlalchemy/util/compat.py", line 211, in raise_
    raise exception
  File "/usr/local/lib/python3.9/site-packages/sqlalchemy/engine/base.py", line 1706, in _execute_context
    self.dialect.do_execute(
  File "/usr/local/lib/python3.9/site-packages/sqlalchemy/engine/default.py", line 716, in do_execute
    cursor.execute(statement, parameters)
  File "/usr/local/lib/python3.9/site-packages/MySQLdb/cursors.py", line 206, in execute
    res = self._query(query)
  File "/usr/local/lib/python3.9/site-packages/MySQLdb/cursors.py", line 319, in _query
    db.query(q)
  File "/usr/local/lib/python3.9/site-packages/MySQLdb/connections.py", line 259, in query
    _mysql.connection.query(self, query)
sqlalchemy.exc.OperationalError: (MySQLdb._exceptions.OperationalError) (2006, 'MySQL server has gone away')
[SQL: SELECT reservation.id AS reservation_id, reservation.name AS reservation_name, reservation.email AS reservation_email, reservation.datetime AS reservation_datetime, reservation.size AS reservation_size 
FROM reservation]
(Background on this error at: http://sqlalche.me/e/14/e3q8)

During handling of the above exception, another exception occurred:

Traceback (most recent call last):
  File "/app/src/logging/log.py", line 47, in inner
    ret = method(*args, **kwargs)
  File "/app/src/data/reservation.py", line 134, in read_all
    raise DatabaseError("Database error")
src.exceptions.database_error.DatabaseError: Database error

During handling of the above exception, another exception occurred:

Traceback (most recent call last):
  File "/app/src/logging/log.py", line 47, in inner
    ret = method(*args, **kwargs)
  File "/app/src/business/reservation.py", line 132, in retrieve_all
    reservations = self.dao.read_all()
  File "/app/src/logging/log.py", line 59, in inner
    raise ServerError("Internal Error")
src.exceptions.server_error.ServerError: Internal Error

During handling of the above exception, another exception occurred:

Traceback (most recent call last):
  File "/app/src/logging/log.py", line 47, in inner
    ret = method(*args, **kwargs)
  File "/app/src/api/reservation.py", line 67, in handle_get
    res_data = self.service.retrieve_all()
  File "/app/src/logging/log.py", line 59, in inner
    raise ServerError("Internal Error")
src.exceptions.server_error.ServerError: Internal Error

2021-05-11 20:40:55,756 INFO root MainThread : Entering ReservationRestService.handle_get()
2021-05-11 20:40:55,756 INFO root MainThread : Entering ReservationBusinessService.retrieve_all()
2021-05-11 20:40:55,757 INFO root MainThread : Entering ReservationDao.read_all()
2021-05-11 20:40:55,791 INFO root MainThread : Exiting ReservationDao.read_all() with OK
2021-05-11 20:40:55,792 INFO root MainThread : Exiting ReservationBusinessService.retrieve_all() with OK
2021-05-11 20:40:55,794 INFO root MainThread : Exiting ReservationRestService.handle_get() with OK
2021-05-11 20:41:19,897 INFO root MainThread : Entering ReservationRestService.handle_cancel()
2021-05-11 20:41:19,898 INFO root MainThread : Entering ReservationBusinessService.cancel()
2021-05-11 20:41:19,898 INFO root MainThread : Entering ReservationDao.delete()
2021-05-11 20:41:20,355 WARNING root MainThread : Exiting ReservationDao.delete() with DaoResponse.MISSING
2021-05-11 20:41:20,408 WARNING root MainThread : Exiting ReservationBusinessService.cancel() with BusinessResponse.NOT_FOUND
2021-05-11 20:41:20,409 WARNING root MainThread : Exiting ReservationRestService.handle_cancel() with status code 404
2021-05-11 20:41:24,952 INFO root MainThread : Entering ReservationRestService.handle_cancel()
2021-05-11 20:41:24,952 INFO root MainThread : Entering ReservationBusinessService.cancel()
2021-05-11 20:41:24,953 INFO root MainThread : Entering ReservationDao.delete()
2021-05-11 20:41:24,984 INFO root MainThread : Exiting ReservationDao.delete() with OK
2021-05-11 20:41:25,079 INFO root MainThread : Exiting ReservationBusinessService.cancel() with OK
2021-05-11 20:41:25,080 INFO root MainThread : Exiting ReservationRestService.handle_cancel() with OK
2021-05-11 20:41:28,860 INFO root MainThread : Entering ReservationRestService.handle_get()
2021-05-11 20:41:28,860 INFO root MainThread : Entering ReservationBusinessService.retrieve_all()
2021-05-11 20:41:28,861 INFO root MainThread : Entering ReservationDao.read_all()
2021-05-11 20:41:28,892 INFO root MainThread : Exiting ReservationDao.read_all() with OK
2021-05-11 20:41:28,892 INFO root MainThread : Exiting ReservationBusinessService.retrieve_all() with OK
2021-05-11 20:41:28,893 INFO root MainThread : Exiting ReservationRestService.handle_get() with OK
2021-05-11 20:41:33,246 INFO root MainThread : Entering ReservationRestService.handle_get()
2021-05-11 20:41:33,247 INFO root MainThread : Entering ReservationBusinessService.retrieve_all()
2021-05-11 20:41:33,247 INFO root MainThread : Entering ReservationDao.read_all()
2021-05-11 20:41:33,281 INFO root MainThread : Exiting ReservationDao.read_all() with OK
2021-05-11 20:41:33,282 INFO root MainThread : Exiting ReservationBusinessService.retrieve_all() with OK
2021-05-11 20:41:33,284 INFO root MainThread : Exiting ReservationRestService.handle_get() with OK
2021-05-11 20:41:52,644 INFO root MainThread : Entering ReservationRestService.handle_edit()
2021-05-11 20:41:52,644 INFO root MainThread : Entering ReservationBusinessService.edit()
2021-05-11 20:41:52,645 INFO root MainThread : Entering ReservationDao.update()
2021-05-11 20:41:52,673 WARNING root MainThread : Exiting ReservationDao.update() with None
2021-05-11 20:41:52,744 WARNING root MainThread : Exiting ReservationBusinessService.edit() with None
2021-05-11 20:41:52,745 WARNING root MainThread : Exiting ReservationRestService.handle_edit() with status code 404
2021-05-11 20:42:01,256 INFO root MainThread : Entering ReservationRestService.handle_edit()
2021-05-11 20:42:01,257 INFO root MainThread : Entering ReservationBusinessService.edit()
2021-05-11 20:42:01,257 INFO root MainThread : Entering ReservationDao.update()
2021-05-11 20:42:01,287 INFO root MainThread : Exiting ReservationDao.update() with OK
2021-05-11 20:42:01,400 INFO root MainThread : Exiting ReservationBusinessService.edit() with OK
2021-05-11 20:42:01,403 INFO root MainThread : Exiting ReservationRestService.handle_edit() with OK
2021-05-11 20:42:05,900 INFO root MainThread : Entering ReservationRestService.handle_get()
2021-05-11 20:42:05,901 INFO root MainThread : Entering ReservationBusinessService.retrieve_all()
2021-05-11 20:42:05,901 INFO root MainThread : Entering ReservationDao.read_all()
2021-05-11 20:42:05,941 INFO root MainThread : Exiting ReservationDao.read_all() with OK
2021-05-11 20:42:05,943 INFO root MainThread : Exiting ReservationBusinessService.retrieve_all() with OK
2021-05-11 20:42:05,944 INFO root MainThread : Exiting ReservationRestService.handle_get() with OK
2021-05-12 11:14:12,110 INFO werkzeug MainThread :  * Running on http://127.0.0.1:5000/ (Press CTRL+C to quit)
2021-05-12 11:16:29,943 INFO root Thread-1 : Entering ReservationRestService.handle_get()
2021-05-12 11:16:29,943 INFO root Thread-1 : Entering ReservationBusinessService.retrieve_all()
2021-05-12 11:16:29,943 INFO root Thread-1 : Entering ReservationDao.read_all()
2021-05-12 11:16:32,803 INFO root Thread-1 : Exiting ReservationDao.read_all() with OK
2021-05-12 11:16:32,804 INFO root Thread-1 : Exiting ReservationBusinessService.retrieve_all() with OK
2021-05-12 11:16:32,805 INFO root Thread-1 : Exiting ReservationRestService.handle_get() with OK
2021-05-12 11:16:32,864 INFO werkzeug Thread-1 : 127.0.0.1 - - [12/May/2021 11:16:32] "[37mGET /bookings HTTP/1.1[0m" 200 -
2021-05-12 11:16:45,791 INFO root Thread-2 : Entering ReservationRestService.handle_reserve()
2021-05-12 11:16:45,792 INFO root Thread-2 : Entering ReservationBusinessService.reserve()
2021-05-12 11:16:45,792 INFO root Thread-2 : Entering ReservationDao.create()
2021-05-12 11:16:45,792 WARNING root Thread-2 : Exiting ReservationDao.create() with None
2021-05-12 11:16:45,912 INFO root Thread-2 : Exiting ReservationBusinessService.reserve() with OK
2021-05-12 11:16:45,913 INFO root Thread-2 : Exiting ReservationRestService.handle_reserve() with OK
2021-05-12 11:16:45,965 INFO werkzeug Thread-2 : 127.0.0.1 - - [12/May/2021 11:16:45] "[37mPOST /bookings/reserve HTTP/1.1[0m" 200 -
2021-05-15 21:45:34,006 INFO root MainThread : Entering ReservationRestService.handle_get()
2021-05-15 21:45:34,016 INFO root MainThread : Entering ReservationBusinessService.retrieve_all()
2021-05-15 21:45:34,017 INFO root MainThread : Entering ReservationDao.read_all()
2021-05-15 21:45:34,666 INFO root MainThread : Exiting ReservationDao.read_all() with OK
2021-05-15 21:45:34,667 INFO root MainThread : Exiting ReservationBusinessService.retrieve_all() with OK
2021-05-15 21:45:34,668 INFO root MainThread : Exiting ReservationRestService.handle_get() with OK
2021-05-15 21:45:41,434 INFO root MainThread : Entering ReservationRestService.handle_get()
2021-05-15 21:45:41,435 INFO root MainThread : Entering ReservationBusinessService.retrieve_all()
2021-05-15 21:45:41,435 INFO root MainThread : Entering ReservationDao.read_all()
2021-05-15 21:45:41,476 INFO root MainThread : Exiting ReservationDao.read_all() with OK
2021-05-15 21:45:41,477 INFO root MainThread : Exiting ReservationBusinessService.retrieve_all() with OK
2021-05-15 21:45:41,478 INFO root MainThread : Exiting ReservationRestService.handle_get() with OK
